20260821173342.842+0000:P00:INFO : Runtime message logging severity set to log level: INFO
20260821173342.842+0000:P00:INFO : total ranks = 12, local_rank = 0
20260821173342.842+0000:P00:INFO : Initialising mesh
20260821173342.842+0000:P00:INFO : Reading global mesh: "dynamics"
20260821173342.851+0000:P00:INFO : Using auto decomposition
20260821173342.851+0000:P00:INFO : Number of cells in partition 12 X 6
20260821173342.858+0000:P00:INFO :    ... "dynamics"(id:1) based on mesh "dynamics"
20260821173342.858+0000:P00:INFO :    ... "dynamics_2d"(id:2) based on mesh "dynamics"
20260821173342.858+0000:P00:INFO : Creating function spaces and chi
20260821173342.858+0000:P00:INFO : FEM specifics: creating function spaces...
20260821173342.917+0000:P00:INFO : FEM specifics created
20260821173342.940+0000:P00:WARN : Frequency for file [lfric_checkpoint_write] defined in both LFRic and XIOS, defaulting to XIOS iodef.xml value
20260821173343.036+0000:P00:INFO : Creating lfric finite difference fields ...
20260821173343.036+0000:P00:INFO : Add ew_wind to field collection
20260821173343.036+0000:P00:INFO : Added
20260821173343.036+0000:P00:INFO : Add ns_wind to field collection
20260821173343.036+0000:P00:INFO : Added
20260821173343.036+0000:P00:INFO : Add upward_wind to field collection
20260821173343.036+0000:P00:INFO : Added
20260821173343.036+0000:P00:INFO : Add theta to field collection
20260821173343.037+0000:P00:INFO : Added
20260821173343.037+0000:P00:INFO : Add rho to field collection
20260821173343.037+0000:P00:INFO : Added
20260821173343.037+0000:P00:INFO : Add m_v to field collection
20260821173343.037+0000:P00:INFO : Added
20260821173343.037+0000:P00:INFO : Add m_cl to field collection
20260821173343.037+0000:P00:INFO : Added
20260821173343.037+0000:P00:INFO : Add m_cf to field collection
20260821173343.037+0000:P00:INFO : Added
20260821173343.037+0000:P00:INFO : Add m_r to field collection
20260821173343.037+0000:P00:INFO : Added
20260821173343.037+0000:P00:INFO : Add area_fraction to field collection
20260821173343.037+0000:P00:INFO : Added
20260821173343.037+0000:P00:INFO : Add bulk_fraction to field collection
20260821173343.037+0000:P00:INFO : Added
20260821173343.037+0000:P00:INFO : Add liquid_fraction to field collection
20260821173343.037+0000:P00:INFO : Added
20260821173343.037+0000:P00:INFO : Add frozen_fraction to field collection
20260821173343.037+0000:P00:INFO : Added
20260821173343.037+0000:P00:INFO : Add zh to field collection
20260821173343.037+0000:P00:INFO : Added
20260821173343.037+0000:P00:INFO : Add z0msea to field collection
20260821173343.037+0000:P00:INFO : Added
20260821173343.037+0000:P00:INFO : Add dd_mf_cb to field collection
20260821173343.037+0000:P00:INFO : Added
20260821173343.037+0000:P00:INFO : Add tile_snow_mass to field collection
20260821173343.037+0000:P00:INFO : Added
20260821173343.037+0000:P00:INFO : Add tile_n_snow_layers to field collection
20260821173343.037+0000:P00:INFO : Added
20260821173343.037+0000:P00:INFO : Add tile_snow_depth to field collection
20260821173343.037+0000:P00:INFO : Added
20260821173343.037+0000:P00:INFO : Add tile_snow_rgrain to field collection
20260821173343.037+0000:P00:INFO : Added
20260821173343.037+0000:P00:INFO : Add snow_soot to field collection
20260821173343.037+0000:P00:INFO : Added
20260821173343.037+0000:P00:INFO : Add tile_snow_under_canopy to field collection
20260821173343.037+0000:P00:INFO : Added
20260821173343.037+0000:P00:INFO : Add tile_snowpack_density to field collection
20260821173343.037+0000:P00:INFO : Added
20260821173343.037+0000:P00:INFO : Add tile_snow_layer_liq_mass to field collection
20260821173343.037+0000:P00:INFO : Added
20260821173343.037+0000:P00:INFO : Add tile_snow_layer_ice_mass to field collection
20260821173343.037+0000:P00:INFO : Added
20260821173343.037+0000:P00:INFO : Add tile_snow_layer_rgrain to field collection
20260821173343.037+0000:P00:INFO : Added
20260821173343.037+0000:P00:INFO : Add tile_snow_layer_thickness to field collection
20260821173343.037+0000:P00:INFO : Added
20260821173343.037+0000:P00:INFO : Add tile_snow_layer_temp to field collection
20260821173343.039+0000:P00:INFO : Added
20260821173343.039+0000:P00:INFO : Add soil_moisture to field collection
20260821173343.039+0000:P00:INFO : Added
20260821173343.039+0000:P00:INFO : Add soil_temperature to field collection
20260821173343.039+0000:P00:INFO : Added
20260821173343.039+0000:P00:INFO : Add soil_sat_frac to field collection
20260821173343.039+0000:P00:INFO : Added
20260821173343.039+0000:P00:INFO : Add water_table to field collection
20260821173343.039+0000:P00:INFO : Added
20260821173343.039+0000:P00:INFO : Add wetness_under_soil to field collection
20260821173343.039+0000:P00:INFO : Added
20260821173343.039+0000:P00:INFO : Add surface_conductance to field collection
20260821173343.039+0000:P00:INFO : Added
20260821173343.039+0000:P00:INFO : Add tile_canopy_water to field collection
20260821173343.039+0000:P00:INFO : Added
20260821173343.039+0000:P00:INFO : Add tile_temperature to field collection
20260821173343.039+0000:P00:INFO : Added
20260821173343.039+0000:P00:INFO : Add tstar_sea_ice to field collection
20260821173343.039+0000:P00:INFO : Added
20260821173343.039+0000:P00:INFO : Add sea_ice_temperature to field collection
20260821173343.039+0000:P00:INFO : Added
20260821173343.039+0000:P00:INFO : ... Done creating finite difference fields
20260821173343.039+0000:P00:INFO : Create ancil fields: Setting up ancil field collection
20260821173343.039+0000:P00:INFO : Create land area fraction ancil
20260821173343.039+0000:P00:INFO : Creating new field for land_area_fraction
20260821173343.039+0000:P00:INFO : Loading weights file: weights_file_p_to_face_centre_bilinear.nc
20260821173343.045+0000:P00:INFO : Allocated remap_matrix(num_wgts = 1 , num_links = 3456 )
20260821173343.045+0000:P00:INFO : Loading weights file: weights_file_p_to_face_centre_neareststod.nc
20260821173343.049+0000:P00:INFO : Allocated remap_matrix(num_wgts = 1 , num_links = 864 )
20260821173343.049+0000:P00:INFO : Loading weights file: weights_file_u_to_face_centre_bilinear.nc
20260821173343.052+0000:P00:INFO : Allocated remap_matrix(num_wgts = 1 , num_links = 3456 )
20260821173343.052+0000:P00:INFO : Loading weights file: weights_file_v_to_face_centre_bilinear.nc
20260821173343.055+0000:P00:INFO : Allocated remap_matrix(num_wgts = 1 , num_links = 3456 )
20260821173343.056+0000:P00:INFO : Loading weights file: weights_file_p_to_face_centre_neareststod.nc
20260821173343.058+0000:P00:INFO : Allocated remap_matrix(num_wgts = 1 , num_links = 864 )
20260821173343.058+0000:P00:INFO : Maximum base dof index = 151
20260821173343.076+0000:P00:INFO : Number of adjusted points = 24
20260821173343.076+0000:P00:INFO :  *!  -0.78539816339744828       0.95824927370230539                         0                27648   6.2831853071795862        3.9330463191454786E-002
20260821173343.076+0000:P00:INFO :  *!  -0.78539816339744828       0.95824927370230539                         2                27648   7.8541269515355588E-002   7.8660926382909571E-002
20260821173343.076+0000:P00:INFO :  *!  -0.96668766700068676        1.0275952251243190                         0                27648   6.2831853071795862        3.9330463191454786E-002
20260821173343.076+0000:P00:INFO :  *!  -0.96668766700068676        1.0275952251243190                        18                27648   5.2270684781471219E-002   7.8660926382909571E-002
20260821173343.076+0000:P00:INFO :  *!  -0.60410865979420980        1.0275952251243190                         0                27648   6.2831853071795862        3.9330463191454786E-002
20260821173343.076+0000:P00:INFO :  *!  -0.60410865979420980        1.0275952251243190                         5                27648   6.8356609877102611E-002   7.8660926382909571E-002
20260821173343.076+0000:P00:INFO :  *!  -0.38515936199667977        1.0783558382134442                         3                27648   2.3736339560191746E-002   3.9330463191454786E-002
20260821173343.076+0000:P00:INFO :  *!  -0.13298382236499595        1.1055610006701402                         1                27648   2.7005618525562079E-002   3.9330463191454786E-002
20260821173343.076+0000:P00:INFO :  *!  -0.19110762675388698        1.2321411122987040                         1                27648   1.4563471575044252E-002   3.9330463191454786E-002
20260821173343.076+0000:P00:INFO :  *!   0.13298382236499584        1.1055610006701402                        11                27648   7.4801115945031830E-003   3.9330463191454786E-002
20260821173343.076+0000:P00:INFO :  *!   0.19110762675388682        1.2321411122987040                         2                27648   2.8281893794484498E-002   3.9330463191454786E-002
20260821173343.076+0000:P00:INFO :  *!  -0.78539816339744828       0.81049450787180044                         0                27648   6.2831853071795862        3.9330463191454786E-002
20260821173343.076+0000:P00:INFO :  *!  -0.78539816339744828       0.81049450787180044                         0                27648   6.2831853071795862        7.8660926382909571E-002
20260821173343.076+0000:P00:INFO :  *!  -0.78539816339744828       0.81049450787180044                         3                27648  0.10131469814800735       0.11799138957436436
20260821173343.076+0000:P00:INFO :  *!  -0.93385433642923421       0.87460661476861445                         6                27648   1.2873439130590860E-002   3.9330463191454786E-002
20260821173343.077+0000:P00:INFO :  *!   -1.0397933076912615        1.1906378341121604                         5                27648   2.5143049318697978E-002   3.9330463191454786E-002
20260821173343.077+0000:P00:INFO :  *!  -0.29114824313235155       0.95943100916263835                         0                27648   6.2831853071795862        3.9330463191454786E-002
20260821173343.077+0000:P00:INFO :  *!  -0.29114824313235155       0.95943100916263835                         3                27648   6.5091274228744597E-002   7.8660926382909571E-002
20260821173343.077+0000:P00:INFO :  *!    9.8528472462962674E-002  0.97723205401422564                         7                27648   2.8120722051448919E-002   3.9330463191454786E-002
20260821173343.077+0000:P00:INFO :  *!   0.29114824313235133       0.95943100916263835                        15                27648   1.2834171121505544E-002   3.9330463191454786E-002
20260821173343.077+0000:P00:INFO :  *!   0.78539816339744795        1.2891618000827973                         2                27648   3.4978640039395541E-002   3.9330463191454786E-002
20260821173343.077+0000:P00:INFO :  *!   -1.0567129922675043       0.77972828950359119                         6                27648   1.7267077443198799E-002   3.9330463191454786E-002
20260821173343.077+0000:P00:INFO :  *!   -1.4722678543319339       0.97723205401422575                         9                27648   1.1036196291086141E-002   3.9330463191454786E-002
20260821173343.077+0000:P00:INFO :  *!  -0.22464446664453744       0.83669218083416219                         0                27648   6.2831853071795862        3.9330463191454786E-002
20260821173343.077+0000:P00:INFO :  *!  -0.22464446664453744       0.83669218083416219                         6                27648   7.4462907180264090E-002   7.8660926382909571E-002
20260821173343.077+0000:P00:INFO :  *!   -7.5204537156658965E-002  0.84801931326719715                        11                27648   9.1955925070417669E-003   3.9330463191454786E-002
20260821173343.077+0000:P00:INFO :  *!  -0.58904862254808621        1.4593272137279476                        38                27648   8.7289232768280132E-003   3.9330463191454786E-002
20260821173343.077+0000:P00:INFO :  *!   0.58904862254808610        1.4593272137279478                         0                27648   6.2831853071795862        3.9330463191454786E-002
20260821173343.077+0000:P00:INFO :  *!   0.58904862254808610        1.4593272137279478                        35                27648   5.4385334254510920E-002   7.8660926382909571E-002
20260821173343.077+0000:P00:INFO :  *!    1.2602741227754457        1.3540719281070424                         9                27648   1.9077732451838997E-002   3.9330463191454786E-002
20260821173343.077+0000:P00:INFO :  *!   0.51408333452739208       0.77972828950359119                        10                27648   7.1603328444890518E-003   3.9330463191454786E-002
20260821173343.077+0000:P00:INFO :  *!   0.65213548385625075       0.73365968243169932                         8                27648   1.0781643354692833E-002   3.9330463191454786E-002
20260821173343.077+0000:P00:INFO : Number of adjusted points = 24
20260821173343.077+0000:P00:INFO :  *!  -0.78539816339744828        1.1186193745385555                         9                27648   2.7582676848091979E-002   3.9330463191454786E-002
20260821173343.077+0000:P00:INFO :  *!  -0.53100301910363523        1.1906378341121604                        12                27648   3.7093231389011857E-003   3.9330463191454786E-002
20260821173343.077+0000:P00:INFO :  *!   0.38515936199667955        1.0783558382134444                        12                27648   4.4499803927461100E-003   3.9330463191454786E-002
20260821173343.077+0000:P00:INFO :  *!   0.53100301910363501        1.1906378341121604                         6                27648   2.0442537298491031E-002   3.9330463191454786E-002
20260821173343.078+0000:P00:INFO :  *!   0.60410865979420980        1.0275952251243190                         2                27648   3.4041229353282791E-002   3.9330463191454786E-002
20260821173343.078+0000:P00:INFO :  *!   0.78539816339744828        1.1186193745385555                         4                27648   2.7640598154892154E-002   3.9330463191454786E-002
20260821173343.078+0000:P00:INFO :  *!   -1.0988457383420533       0.92474476681830076                         0                27648   6.2831853071795862        3.9330463191454786E-002
20260821173343.078+0000:P00:INFO :  *!   -1.0988457383420533       0.92474476681830076                        24                27648   4.1202246519530028E-002   7.8660926382909571E-002
20260821173343.078+0000:P00:INFO :  *!   -1.2796480836625452       0.95943100916263835                         2                27648   2.8412180878465022E-002   3.9330463191454786E-002
20260821173343.078+0000:P00:INFO :  *!  -0.78539816339744828        1.2891618000827973                         0                27648   6.2831853071795862        3.9330463191454786E-002
20260821173343.078+0000:P00:INFO :  *!  -0.78539816339744828        1.2891618000827973                        28                27648   4.9986754170718781E-002   7.8660926382909571E-002
20260821173343.078+0000:P00:INFO :  *!   -9.8528472462962757E-002  0.97723205401422575                        15                27648   1.1036196291086141E-002   3.9330463191454786E-002
20260821173343.078+0000:P00:INFO :  *!   0.47195058845284332       0.92474476681830076                         0                27648   6.2831853071795862        3.9330463191454786E-002
20260821173343.078+0000:P00:INFO :  *!   0.47195058845284332       0.92474476681830076                         7                27648   7.0082064214437592E-002   7.8660926382909571E-002
20260821173343.078+0000:P00:INFO :  *!   0.63694199036566235       0.87460661476861457                         0                27648   6.2831853071795862        3.9330463191454786E-002
20260821173343.078+0000:P00:INFO :  *!   0.63694199036566235       0.87460661476861457                        10                27648   5.6489063139355068E-002   7.8660926382909571E-002
20260821173343.078+0000:P00:INFO :  *!    1.1856369647982168        1.0783558382134446                         0                27648   6.2831853071795862        3.9330463191454786E-002
20260821173343.078+0000:P00:INFO :  *!    1.1856369647982168        1.0783558382134446                         1                27648   7.4618851946660111E-002   7.8660926382909571E-002
20260821173343.078+0000:P00:INFO :  *!   0.78539816339744806       0.81049450787180044                         3                27648   3.6912253416521337E-002   3.9330463191454786E-002
20260821173343.078+0000:P00:INFO :  *!   0.93385433642923399       0.87460661476861468                         0                27648   6.2831853071795862        3.9330463191454786E-002
20260821173343.078+0000:P00:INFO :  *!   0.93385433642923399       0.87460661476861468                         9                27648   5.6489063139353105E-002   7.8660926382909571E-002
20260821173343.078+0000:P00:INFO :  *!   -1.1994343884120464       0.81397869323400451                         4                27648   2.6178569053558611E-002   3.9330463191454786E-002
20260821173343.078+0000:P00:INFO :  *!   -1.3461518601503593       0.83669218083416230                         0                27648   6.2831853071795862        3.9330463191454786E-002
20260821173343.078+0000:P00:INFO :  *!   -1.3461518601503593       0.83669218083416230                        13                27648   5.0650968492542636E-002   7.8660926382909571E-002
20260821173343.078+0000:P00:INFO :  *!   -1.4955917896382378       0.84801931326719715                         9                27648   9.1955925070417669E-003   3.9330463191454786E-002
20260821173343.078+0000:P00:INFO :  *!    7.5204537156658896E-002  0.84801931326719726                         3                27648   3.9374410400294567E-002   3.9330463191454786E-002
20260821173343.079+0000:P00:INFO :  *!    7.5204537156658896E-002  0.84801931326719726                         0                27648   3.9374410400294567E-002   4.1343130920309300E-002
20260821173343.079+0000:P00:INFO :  *!   0.22464446664453730       0.83669218083416230                         0                27648   6.2831853071795862        3.9330463191454786E-002
20260821173343.079+0000:P00:INFO :  *!   0.22464446664453730       0.83669218083416230                         7                27648   4.1203538849658071E-002   7.8660926382909571E-002
20260821173343.079+0000:P00:INFO :  *!   0.37136193838285020       0.81397869323400451                         0                27648   6.2831853071795862        3.9330463191454786E-002
20260821173343.079+0000:P00:INFO :  *!   0.37136193838285020       0.81397869323400451                         4                27648   7.4779640377595741E-002   7.8660926382909571E-002
20260821173343.079+0000:P00:INFO :  *!    1.3796887000410096        1.2321411122987040                        12                27648   7.1894328535146252E-003   3.9330463191454786E-002
20260821173343.079+0000:P00:INFO :  *!    1.4378125044299006        1.1055610006701402                         0                27648   6.2831853071795862        3.9330463191454786E-002
20260821173343.079+0000:P00:INFO :  *!    1.4378125044299006        1.1055610006701402                         1                27648   8.6652130288068813E-002   7.8660926382909571E-002
20260821173343.079+0000:P00:INFO :  *!    1.4378125044299006        1.1055610006701402                         6                27648   8.6220196952519576E-002   9.0984736802472252E-002
20260821173343.079+0000:P00:INFO :  *!   0.78539816339744839       0.67535187563496557                         0                27648   6.2831853071795862        3.9330463191454786E-002
20260821173343.079+0000:P00:INFO :  *!   0.78539816339744839       0.67535187563496557                        13                27648   6.4640071978422642E-002   7.8660926382909571E-002
20260821173343.079+0000:P00:S1:INFO :  Regrid fields for forecast time:    451416.00000000000      ... where current xios date is: 2009-03-01 01:00:00
20260821173343.079+0000:P00:S1:INFO : Will process 38 fields
20260821173343.079+0000:P00:S1:INFO : Processing/regrid STASH code: 2
20260821173343.079+0000:P00:S1:INFO : LFRic field name: ew_wind
20260821173343.094+0000:P00:S1:INFO : Fill LFRic field object with regridded data
20260821173343.094+0000:P00:S1:INFO : Processing/regrid STASH code: 3
20260821173343.094+0000:P00:S1:INFO : LFRic field name: ns_wind
20260821173343.105+0000:P00:S1:INFO : Fill LFRic field object with regridded data
20260821173343.105+0000:P00:S1:INFO : Processing/regrid STASH code: 150
20260821173343.105+0000:P00:S1:INFO : LFRic field name: upward_wind
20260821173343.121+0000:P00:S1:INFO : Fill LFRic field object with regridded data
20260821173343.122+0000:P00:S1:INFO : Processing/regrid STASH code: 4
20260821173343.122+0000:P00:S1:INFO : LFRic field name: theta
20260821173343.140+0000:P00:S1:INFO : Fill LFRic field object with regridded data
20260821173343.140+0000:P00:S1:INFO : Processing/regrid STASH code: 389
20260821173343.140+0000:P00:S1:INFO : LFRic field name: rho
20260821173343.238+0000:P00:S1:INFO : Fill LFRic field object with regridded data
20260821173343.238+0000:P00:S1:INFO : Processing/regrid STASH code: 391
20260821173343.238+0000:P00:S1:INFO : LFRic field name: m_v
20260821173343.251+0000:P00:S1:INFO : Fill LFRic field object with regridded data
20260821173343.251+0000:P00:S1:INFO : Processing/regrid STASH code: 392
20260821173343.251+0000:P00:S1:INFO : LFRic field name: m_cl
20260821173343.262+0000:P00:S1:INFO : Fill LFRic field object with regridded data
20260821173343.262+0000:P00:S1:INFO : Processing/regrid STASH code: 393
20260821173343.262+0000:P00:S1:INFO : LFRic field name: m_cf
20260821173343.269+0000:P00:S1:INFO : Fill LFRic field object with regridded data
20260821173343.269+0000:P00:S1:INFO : Processing/regrid STASH code: 394
20260821173343.269+0000:P00:S1:INFO : LFRic field name: m_r
20260821173343.277+0000:P00:S1:INFO : Fill LFRic field object with regridded data
20260821173343.277+0000:P00:S1:INFO : Processing/regrid STASH code: 265
20260821173343.277+0000:P00:S1:INFO : LFRic field name: area_fraction
20260821173343.288+0000:P00:S1:INFO : Adding bottom level for stashcode: 265
20260821173343.288+0000:P00:S1:INFO : Fill LFRic field object with regridded data
20260821173343.288+0000:P00:S1:INFO : Processing/regrid STASH code: 266
20260821173343.288+0000:P00:S1:INFO : LFRic field name: bulk_fraction
20260821173343.299+0000:P00:S1:INFO : Fill LFRic field object with regridded data
20260821173343.299+0000:P00:S1:INFO : Processing/regrid STASH code: 267
20260821173343.299+0000:P00:S1:INFO : LFRic field name: liquid_fraction
20260821173343.309+0000:P00:S1:INFO : Fill LFRic field object with regridded data
20260821173343.309+0000:P00:S1:INFO : Processing/regrid STASH code: 268
20260821173343.309+0000:P00:S1:INFO : LFRic field name: frozen_fraction
20260821173343.317+0000:P00:S1:INFO : Fill LFRic field object with regridded data
20260821173343.317+0000:P00:S1:INFO : Processing/regrid STASH code: 25
20260821173343.317+0000:P00:S1:INFO : LFRic field name: zh
20260821173343.318+0000:P00:S1:INFO : Fill LFRic field object with regridded data
20260821173343.318+0000:P00:S1:INFO : Processing/regrid STASH code: 26
20260821173343.318+0000:P00:S1:INFO : LFRic field name: z0msea
20260821173343.319+0000:P00:S1:INFO : Fill LFRic field object with regridded data
20260821173343.319+0000:P00:S1:INFO : Processing/regrid STASH code: 493
20260821173343.319+0000:P00:S1:INFO : LFRic field name: dd_mf_cb
20260821173343.320+0000:P00:S1:INFO : Fill LFRic field object with regridded data
20260821173343.320+0000:P00:S1:INFO : Processing/regrid STASH code: 240
20260821173343.320+0000:P00:S1:INFO : LFRic field name: tile_snow_mass
20260821173343.321+0000:P00:S1:INFO : Will use nearest neigbour interpolation for stashcode:  240
20260821173343.321+0000:P00:S1:INFO : Fill LFRic field object with regridded data
20260821173343.321+0000:P00:S1:INFO : Processing/regrid STASH code: 380
20260821173343.321+0000:P00:S1:INFO : LFRic field name: tile_n_snow_layers
20260821173343.323+0000:P00:S1:INFO : Will use nearest neigbour interpolation for stashcode:  380
20260821173343.323+0000:P00:S1:INFO : Fill LFRic field object with regridded data
20260821173343.323+0000:P00:S1:INFO : Processing/regrid STASH code: 376
20260821173343.323+0000:P00:S1:INFO : LFRic field name: tile_snow_depth
20260821173343.324+0000:P00:S1:INFO : Will use nearest neigbour interpolation for stashcode:  376
20260821173343.324+0000:P00:S1:INFO : Fill LFRic field object with regridded data
20260821173343.324+0000:P00:S1:INFO : Processing/regrid STASH code: 231
20260821173343.324+0000:P00:S1:INFO : LFRic field name: tile_snow_rgrain
20260821173343.325+0000:P00:S1:INFO : Will use nearest neigbour interpolation for stashcode:  231
20260821173343.325+0000:P00:S1:INFO : Fill LFRic field object with regridded data
20260821173343.325+0000:P00:S1:INFO : Processing/regrid STASH code: 221
20260821173343.325+0000:P00:S1:INFO : LFRic field name: snow_soot
20260821173343.326+0000:P00:S1:INFO : Will use nearest neigbour interpolation for stashcode:  221
20260821173343.326+0000:P00:S1:INFO : Fill LFRic field object with regridded data
20260821173343.326+0000:P00:S1:INFO : Processing/regrid STASH code: 242
20260821173343.326+0000:P00:S1:INFO : LFRic field name: tile_snow_under_canopy
20260821173343.327+0000:P00:S1:INFO : Will use nearest neigbour interpolation for stashcode:  242
20260821173343.327+0000:P00:S1:INFO : Fill LFRic field object with regridded data
20260821173343.327+0000:P00:S1:INFO : Processing/regrid STASH code: 377
20260821173343.327+0000:P00:S1:INFO : LFRic field name: tile_snowpack_density
20260821173343.329+0000:P00:S1:INFO : Will use nearest neigbour interpolation for stashcode:  377
20260821173343.329+0000:P00:S1:INFO : Fill LFRic field object with regridded data
20260821173343.329+0000:P00:S1:INFO : Processing/regrid STASH code: 383
20260821173343.329+0000:P00:S1:INFO : LFRic field name: tile_snow_layer_liq_mass
20260821173343.331+0000:P00:S1:INFO : Will use nearest neigbour interpolation for stashcode:  383
20260821173343.331+0000:P00:S1:INFO : Reordering snow layers for stashcode: 383
20260821173343.331+0000:P00:S1:INFO : Fill LFRic field object with regridded data
20260821173343.331+0000:P00:S1:INFO : Processing/regrid STASH code: 382
20260821173343.331+0000:P00:S1:INFO : LFRic field name: tile_snow_layer_ice_mass
20260821173343.334+0000:P00:S1:INFO : Will use nearest neigbour interpolation for stashcode:  382
20260821173343.334+0000:P00:S1:INFO : Reordering snow layers for stashcode: 382
20260821173343.334+0000:P00:S1:INFO : Fill LFRic field object with regridded data
20260821173343.334+0000:P00:S1:INFO : Processing/regrid STASH code: 386
20260821173343.334+0000:P00:S1:INFO : LFRic field name: tile_snow_layer_rgrain
20260821173343.339+0000:P00:S1:INFO : Will use nearest neigbour interpolation for stashcode:  386
20260821173343.339+0000:P00:S1:INFO : Reordering snow layers for stashcode: 386
20260821173343.339+0000:P00:S1:INFO : Fill LFRic field object with regridded data
20260821173343.339+0000:P00:S1:INFO : Processing/regrid STASH code: 381
20260821173343.339+0000:P00:S1:INFO : LFRic field name: tile_snow_layer_thickness
20260821173343.341+0000:P00:S1:INFO : Will use nearest neigbour interpolation for stashcode:  381
20260821173343.341+0000:P00:S1:INFO : Reordering snow layers for stashcode: 381
20260821173343.341+0000:P00:S1:INFO : Fill LFRic field object with regridded data
20260821173343.341+0000:P00:S1:INFO : Processing/regrid STASH code: 384
20260821173343.341+0000:P00:S1:INFO : LFRic field name: tile_snow_layer_temp
20260821173343.344+0000:P00:S1:INFO : Will use nearest neigbour interpolation for stashcode:  384
20260821173343.344+0000:P00:S1:INFO : Reordering snow layers for stashcode: 384
20260821173343.344+0000:P00:S1:INFO : Fill LFRic field object with regridded data
20260821173343.344+0000:P00:S1:INFO : Processing/regrid STASH code: 9
20260821173343.344+0000:P00:S1:INFO : LFRic field name: soil_moisture
20260821173343.345+0000:P00:S1:INFO : Fill LFRic field object with regridded data
20260821173343.345+0000:P00:S1:INFO : Processing/regrid STASH code: 20
20260821173343.345+0000:P00:S1:INFO : LFRic field name: soil_temperature
20260821173343.346+0000:P00:S1:INFO : Fill LFRic field object with regridded data
20260821173343.346+0000:P00:S1:INFO : Processing/regrid STASH code: 279
20260821173343.346+0000:P00:S1:INFO : LFRic field name: soil_sat_frac
20260821173343.347+0000:P00:S1:INFO : Fill LFRic field object with regridded data
20260821173343.347+0000:P00:S1:INFO : Processing/regrid STASH code: 278
20260821173343.347+0000:P00:S1:INFO : LFRic field name: water_table
20260821173343.347+0000:P00:S1:INFO : Fill LFRic field object with regridded data
20260821173343.347+0000:P00:S1:INFO : Processing/regrid STASH code: 281
20260821173343.347+0000:P00:S1:INFO : LFRic field name: wetness_under_soil
20260821173343.348+0000:P00:S1:INFO : Fill LFRic field object with regridded data
20260821173343.348+0000:P00:S1:INFO : Processing/regrid STASH code: 213
20260821173343.348+0000:P00:S1:INFO : LFRic field name: surface_conductance
20260821173343.349+0000:P00:S1:INFO : Fill LFRic field object with regridded data
20260821173343.349+0000:P00:S1:INFO : Processing/regrid STASH code: 229
20260821173343.349+0000:P00:S1:INFO : LFRic field name: tile_canopy_water
