20260821173342.840+0000:P01:INFO : Runtime message logging severity set to log level: INFO
20260821173342.840+0000:P01:INFO : total ranks = 12, local_rank = 1
20260821173342.840+0000:P01:INFO : Initialising mesh
20260821173342.841+0000:P01:INFO : Reading global mesh: "dynamics"
20260821173342.849+0000:P01:INFO : Using auto decomposition
20260821173342.849+0000:P01:INFO : Number of cells in partition 12 X 6
20260821173342.858+0000:P01:INFO :    ... "dynamics"(id:1) based on mesh "dynamics"
20260821173342.858+0000:P01:INFO :    ... "dynamics_2d"(id:2) based on mesh "dynamics"
20260821173342.858+0000:P01:INFO : Creating function spaces and chi
20260821173342.858+0000:P01:INFO : FEM specifics: creating function spaces...
20260821173342.917+0000:P01:INFO : FEM specifics created
20260821173342.940+0000:P01:WARN : Frequency for file [lfric_checkpoint_write] defined in both LFRic and XIOS, defaulting to XIOS iodef.xml value
20260821173343.036+0000:P01:INFO : Creating lfric finite difference fields ...
20260821173343.036+0000:P01:INFO : Add ew_wind to field collection
20260821173343.036+0000:P01:INFO : Added
20260821173343.036+0000:P01:INFO : Add ns_wind to field collection
20260821173343.036+0000:P01:INFO : Added
20260821173343.036+0000:P01:INFO : Add upward_wind to field collection
20260821173343.037+0000:P01:INFO : Added
20260821173343.037+0000:P01:INFO : Add theta to field collection
20260821173343.037+0000:P01:INFO : Added
20260821173343.037+0000:P01:INFO : Add rho to field collection
20260821173343.037+0000:P01:INFO : Added
20260821173343.037+0000:P01:INFO : Add m_v to field collection
20260821173343.037+0000:P01:INFO : Added
20260821173343.037+0000:P01:INFO : Add m_cl to field collection
20260821173343.037+0000:P01:INFO : Added
20260821173343.037+0000:P01:INFO : Add m_cf to field collection
20260821173343.037+0000:P01:INFO : Added
20260821173343.037+0000:P01:INFO : Add m_r to field collection
20260821173343.037+0000:P01:INFO : Added
20260821173343.037+0000:P01:INFO : Add area_fraction to field collection
20260821173343.037+0000:P01:INFO : Added
20260821173343.037+0000:P01:INFO : Add bulk_fraction to field collection
20260821173343.037+0000:P01:INFO : Added
20260821173343.037+0000:P01:INFO : Add liquid_fraction to field collection
20260821173343.037+0000:P01:INFO : Added
20260821173343.037+0000:P01:INFO : Add frozen_fraction to field collection
20260821173343.037+0000:P01:INFO : Added
20260821173343.037+0000:P01:INFO : Add zh to field collection
20260821173343.037+0000:P01:INFO : Added
20260821173343.037+0000:P01:INFO : Add z0msea to field collection
20260821173343.037+0000:P01:INFO : Added
20260821173343.037+0000:P01:INFO : Add dd_mf_cb to field collection
20260821173343.037+0000:P01:INFO : Added
20260821173343.037+0000:P01:INFO : Add tile_snow_mass to field collection
20260821173343.037+0000:P01:INFO : Added
20260821173343.037+0000:P01:INFO : Add tile_n_snow_layers to field collection
20260821173343.037+0000:P01:INFO : Added
20260821173343.037+0000:P01:INFO : Add tile_snow_depth to field collection
20260821173343.037+0000:P01:INFO : Added
20260821173343.037+0000:P01:INFO : Add tile_snow_rgrain to field collection
20260821173343.037+0000:P01:INFO : Added
20260821173343.037+0000:P01:INFO : Add snow_soot to field collection
20260821173343.037+0000:P01:INFO : Added
20260821173343.037+0000:P01:INFO : Add tile_snow_under_canopy to field collection
20260821173343.037+0000:P01:INFO : Added
20260821173343.037+0000:P01:INFO : Add tile_snowpack_density to field collection
20260821173343.037+0000:P01:INFO : Added
20260821173343.037+0000:P01:INFO : Add tile_snow_layer_liq_mass to field collection
20260821173343.037+0000:P01:INFO : Added
20260821173343.037+0000:P01:INFO : Add tile_snow_layer_ice_mass to field collection
20260821173343.037+0000:P01:INFO : Added
20260821173343.037+0000:P01:INFO : Add tile_snow_layer_rgrain to field collection
20260821173343.037+0000:P01:INFO : Added
20260821173343.037+0000:P01:INFO : Add tile_snow_layer_thickness to field collection
20260821173343.038+0000:P01:INFO : Added
20260821173343.038+0000:P01:INFO : Add tile_snow_layer_temp to field collection
20260821173343.039+0000:P01:INFO : Added
20260821173343.039+0000:P01:INFO : Add soil_moisture to field collection
20260821173343.039+0000:P01:INFO : Added
20260821173343.039+0000:P01:INFO : Add soil_temperature to field collection
20260821173343.039+0000:P01:INFO : Added
20260821173343.039+0000:P01:INFO : Add soil_sat_frac to field collection
20260821173343.039+0000:P01:INFO : Added
20260821173343.039+0000:P01:INFO : Add water_table to field collection
20260821173343.039+0000:P01:INFO : Added
20260821173343.039+0000:P01:INFO : Add wetness_under_soil to field collection
20260821173343.039+0000:P01:INFO : Added
20260821173343.039+0000:P01:INFO : Add surface_conductance to field collection
20260821173343.039+0000:P01:INFO : Added
20260821173343.039+0000:P01:INFO : Add tile_canopy_water to field collection
20260821173343.039+0000:P01:INFO : Added
20260821173343.039+0000:P01:INFO : Add tile_temperature to field collection
20260821173343.039+0000:P01:INFO : Added
20260821173343.039+0000:P01:INFO : Add tstar_sea_ice to field collection
20260821173343.039+0000:P01:INFO : Added
20260821173343.039+0000:P01:INFO : Add sea_ice_temperature to field collection
20260821173343.039+0000:P01:INFO : Added
20260821173343.039+0000:P01:INFO : ... Done creating finite difference fields
20260821173343.039+0000:P01:INFO : Create ancil fields: Setting up ancil field collection
20260821173343.039+0000:P01:INFO : Create land area fraction ancil
20260821173343.039+0000:P01:INFO : Creating new field for land_area_fraction
20260821173343.039+0000:P01:INFO : Loading weights file: weights_file_p_to_face_centre_bilinear.nc
20260821173343.045+0000:P01:INFO : Allocated remap_matrix(num_wgts = 1 , num_links = 3456 )
20260821173343.045+0000:P01:INFO : Loading weights file: weights_file_p_to_face_centre_neareststod.nc
20260821173343.048+0000:P01:INFO : Allocated remap_matrix(num_wgts = 1 , num_links = 864 )
20260821173343.049+0000:P01:INFO : Loading weights file: weights_file_u_to_face_centre_bilinear.nc
20260821173343.051+0000:P01:INFO : Allocated remap_matrix(num_wgts = 1 , num_links = 3456 )
20260821173343.052+0000:P01:INFO : Loading weights file: weights_file_v_to_face_centre_bilinear.nc
20260821173343.054+0000:P01:INFO : Allocated remap_matrix(num_wgts = 1 , num_links = 3456 )
20260821173343.054+0000:P01:INFO : Loading weights file: weights_file_p_to_face_centre_neareststod.nc
20260821173343.056+0000:P01:INFO : Allocated remap_matrix(num_wgts = 1 , num_links = 864 )
20260821173343.056+0000:P01:INFO : Maximum base dof index = 163
20260821173343.076+0000:P01:INFO : Number of adjusted points = 25
20260821173343.076+0000:P01:INFO :  *!   -2.3561944901923444       0.95824927370230539                         8                27648   1.3220826890446144E-002   3.9330463191454786E-002
20260821173343.076+0000:P01:INFO :  *!   -2.5374839937955831        1.0275952251243190                         9                27648   1.8318179736461323E-002   3.9330463191454786E-002
20260821173343.076+0000:P01:INFO :  *!   -2.9504850268359060        1.2321411122987040                         2                27648   2.8281893794484498E-002   3.9330463191454786E-002
20260821173343.076+0000:P01:INFO :  *!   -3.0086088312247972        1.1055610006701402                         6                27648   7.4801115945031830E-003   3.9330463191454786E-002
20260821173343.076+0000:P01:INFO :  *!  -0.19110762675388682        1.2321411122987040                         1                27648   1.4563471575044252E-002   3.9330463191454786E-002
20260821173343.076+0000:P01:INFO :  *!    2.5374839937955831        1.0275952251243190                        11                27648   8.7196679337099119E-003   3.9330463191454786E-002
20260821173343.076+0000:P01:INFO :  *!   -2.6696420651369492       0.92474476681830087                         0                27648   6.2831853071795862        3.9330463191454786E-002
20260821173343.076+0000:P01:INFO :  *!   -2.6696420651369492       0.92474476681830087                         9                27648   6.1595640026826957E-002   7.8660926382909571E-002
20260821173343.076+0000:P01:INFO :  *!   -2.3561944901923448        1.2891618000827971                         0                27648   6.2831853071795862        3.9330463191454786E-002
20260821173343.076+0000:P01:INFO :  *!   -2.3561944901923448        1.2891618000827971                        48                27648   4.9986754170718781E-002   7.8660926382909571E-002
20260821173343.076+0000:P01:INFO :  *!   -3.0430641811268306       0.97723205401422575                         0                27648   6.2831853071795862        3.9330463191454786E-002
20260821173343.077+0000:P01:INFO :  *!   -3.0430641811268306       0.97723205401422575                        12                27648   4.7595590721299125E-002   7.8660926382909571E-002
20260821173343.077+0000:P01:INFO :  *!  -0.31052220401945052        1.3540719281070426                        24                27648   9.4668606390020706E-003   3.9330463191454786E-002
20260821173343.077+0000:P01:INFO :  *!   -9.8528472462962702E-002  0.97723205401422575                        16                27648   1.1036196291086141E-002   3.9330463191454786E-002
20260821173343.077+0000:P01:INFO :  *!    2.3561944901923448        1.2891618000827973                        20                27648   9.9864681766073798E-003   3.9330463191454786E-002
20260821173343.077+0000:P01:INFO :  *!    2.8504444104574418       0.95943100916263857                        11                27648   1.3594348200051837E-002   3.9330463191454786E-002
20260821173343.077+0000:P01:INFO :  *!    2.6696420651369497       0.92474476681830109                         4                27648   3.0141446275535704E-002   3.9330463191454786E-002
20260821173343.077+0000:P01:INFO :  *!    2.5046506632241305       0.87460661476861468                         8                27648   8.9986055311421110E-003   3.9330463191454786E-002
20260821173343.077+0000:P01:INFO :  *!   -2.2229318106511475       0.73365968243169921                         3                27648   3.4858806157301782E-002   3.9330463191454786E-002
20260821173343.077+0000:P01:INFO :  *!   -1.8813185308143467        1.3540719281070424                        38                27648   1.1659727618605517E-002   3.9330463191454786E-002
20260821173343.077+0000:P01:INFO :  *!   -1.7671458676442584        1.4593272137279478                        10                27648   3.3563479692284050E-002   3.9330463191454786E-002
20260821173343.077+0000:P01:INFO :  *!   -3.0663881164331341       0.84801931326719715                         0                27648   6.2831853071795862        3.9330463191454786E-002
20260821173343.077+0000:P01:INFO :  *!   -3.0663881164331341       0.84801931326719715                         6                27648   5.7525512611556945E-002   7.8660926382909571E-002
20260821173343.077+0000:P01:INFO :  *!   0.19634954084936207        1.4593272137279478                         0                27648   6.2831853071795862        3.9330463191454786E-002
20260821173343.077+0000:P01:INFO :  *!   0.19634954084936207        1.4593272137279478                        53                27648   5.3305426771522654E-002   7.8660926382909571E-002
20260821173343.077+0000:P01:INFO :  *!   -7.5204537156658868E-002  0.84801931326719715                        11                27648   9.1955925070417669E-003   3.9330463191454786E-002
20260821173343.077+0000:P01:INFO :  *!    1.8813185308143472        1.3540719281070426                        29                27648   9.4668606390020706E-003   3.9330463191454786E-002
20260821173343.077+0000:P01:INFO :  *!    2.7702307152069428       0.81397869323400462                         0                27648   6.2831853071795862        3.9330463191454786E-002
20260821173343.077+0000:P01:INFO :  *!    2.7702307152069428       0.81397869323400462                         6                27648   5.4284458943497482E-002   7.8660926382909571E-002
20260821173343.077+0000:P01:INFO :  *!    2.6275093190624008       0.77972828950359130                         4                27648   1.7267077443205232E-002   3.9330463191454786E-002
20260821173343.078+0000:P01:INFO :  *!    2.3561944901923448       0.67535187563496546                         4                27648   3.4292709763198863E-002   3.9330463191454786E-002
20260821173343.078+0000:P01:INFO : Number of adjusted points = 18
20260821173343.078+0000:P01:INFO :  *!   -2.3561944901923448        1.1186193745385555                         0                27648   6.2831853071795862        3.9330463191454786E-002
20260821173343.078+0000:P01:INFO :  *!   -2.3561944901923448        1.1186193745385555                         3                27648   8.0453884747968080E-002   7.8660926382909571E-002
20260821173343.078+0000:P01:INFO :  *!   -2.3561944901923448        1.1186193745385555                         5                27648   8.0453884747968080E-002   8.4476578985366493E-002
20260821173343.078+0000:P01:INFO :  *!   -2.6105896344861579        1.1906378341121604                         1                27648   3.3627998416674167E-002   3.9330463191454786E-002
20260821173343.078+0000:P01:INFO :  *!   -2.7564332915931136        1.0783558382134444                         3                27648   3.0260347847082533E-002   3.9330463191454786E-002
20260821173343.078+0000:P01:INFO :  *!  -0.13298382236499584        1.1055610006701402                        18                27648   7.4801115945031830E-003   3.9330463191454786E-002
20260821173343.078+0000:P01:INFO :  *!    2.6105896344861583        1.1906378341121604                         0                27648   6.2831853071795862        3.9330463191454786E-002
20260821173343.078+0000:P01:INFO :  *!    2.6105896344861583        1.1906378341121604                        17                27648   4.6443063035225808E-002   7.8660926382909571E-002
20260821173343.078+0000:P01:INFO :  *!    2.7564332915931136        1.0783558382134444                         9                27648   4.4499803927461100E-003   3.9330463191454786E-002
20260821173343.078+0000:P01:INFO :  *!    2.3561944901923448       0.95824927370230562                         6                27648   1.3220826890446144E-002   3.9330463191454786E-002
20260821173343.078+0000:P01:INFO :  *!   -1.9559556887915759        1.0783558382134442                         0                27648   6.2831853071795862        3.9330463191454786E-002
20260821173343.078+0000:P01:INFO :  *!   -1.9559556887915759        1.0783558382134442                         0                27648   6.2831853071795862        7.8660926382909571E-002
20260821173343.078+0000:P01:INFO :  *!   -1.9559556887915759        1.0783558382134442                        12                27648   9.0621315461510171E-002  0.11799138957436436
20260821173343.078+0000:P01:INFO :  *!   -2.1017993458985313        1.1906378341121604                         7                27648   2.0442537298491031E-002   3.9330463191454786E-002
20260821173343.078+0000:P01:INFO :  *!    2.1017993458985318        1.1906378341121606                         0                27648   6.2831853071795862        3.9330463191454786E-002
20260821173343.078+0000:P01:INFO :  *!    2.1017993458985318        1.1906378341121606                         5                27648   7.3646034627275286E-002   7.8660926382909571E-002
20260821173343.078+0000:P01:INFO :  *!    2.3561944901923448       0.81049450787180055                         5                27648   1.8175150651536992E-002   3.9330463191454786E-002
20260821173343.078+0000:P01:INFO :  *!   -1.6460008639515553       0.84801931326719715                         3                27648   3.4673510196476839E-002   3.9330463191454786E-002
20260821173343.078+0000:P01:INFO :  *!   -2.0848796613222884       0.77972828950359119                         0                27648   6.2831853071795862        3.9330463191454786E-002
20260821173343.078+0000:P01:INFO :  *!   -2.0848796613222884       0.77972828950359119                         8                27648   6.5310543378729463E-002   7.8660926382909571E-002
20260821173343.078+0000:P01:INFO :  *!   -1.6693247992578590       0.97723205401422564                         3                27648   3.1384057242724937E-002   3.9330463191454786E-002
20260821173343.079+0000:P01:INFO :  *!   -1.7037801491598923        1.1055610006701402                         3                27648   3.4800514291693209E-002   3.9330463191454786E-002
20260821173343.079+0000:P01:INFO :  *!    1.7619039535487833        1.2321411122987040                         0                27648   6.2831853071795862        3.9330463191454786E-002
20260821173343.079+0000:P01:INFO :  *!    1.7619039535487833        1.2321411122987040                         9                27648   5.1751394156771047E-002   7.8660926382909571E-002
20260821173343.079+0000:P01:INFO :  *!    2.0848796613222884       0.77972828950359119                         0                27648   6.2831853071795862        3.9330463191454786E-002
20260821173343.079+0000:P01:INFO :  *!    2.0848796613222884       0.77972828950359119                         3                27648   7.0867178929014341E-002   7.8660926382909571E-002
20260821173343.079+0000:P01:INFO :  *!    2.2229318106511471       0.73365968243169943                         4                27648   2.8351552590639335E-002   3.9330463191454786E-002
20260821173343.079+0000:P01:S1:INFO :  Regrid fields for forecast time:    451416.00000000000      ... where current xios date is: 2009-03-01 01:00:00
20260821173343.079+0000:P01:S1:INFO : Will process 38 fields
20260821173343.079+0000:P01:S1:INFO : Processing/regrid STASH code: 2
20260821173343.079+0000:P01:S1:INFO : LFRic field name: ew_wind
20260821173343.093+0000:P01:S1:INFO : Fill LFRic field object with regridded data
20260821173343.093+0000:P01:S1:INFO : Processing/regrid STASH code: 3
20260821173343.093+0000:P01:S1:INFO : LFRic field name: ns_wind
20260821173343.104+0000:P01:S1:INFO : Fill LFRic field object with regridded data
20260821173343.104+0000:P01:S1:INFO : Processing/regrid STASH code: 150
20260821173343.104+0000:P01:S1:INFO : LFRic field name: upward_wind
20260821173343.121+0000:P01:S1:INFO : Fill LFRic field object with regridded data
20260821173343.121+0000:P01:S1:INFO : Processing/regrid STASH code: 4
20260821173343.121+0000:P01:S1:INFO : LFRic field name: theta
20260821173343.138+0000:P01:S1:INFO : Fill LFRic field object with regridded data
20260821173343.139+0000:P01:S1:INFO : Processing/regrid STASH code: 389
20260821173343.139+0000:P01:S1:INFO : LFRic field name: rho
20260821173343.238+0000:P01:S1:INFO : Fill LFRic field object with regridded data
20260821173343.238+0000:P01:S1:INFO : Processing/regrid STASH code: 391
20260821173343.238+0000:P01:S1:INFO : LFRic field name: m_v
20260821173343.250+0000:P01:S1:INFO : Fill LFRic field object with regridded data
20260821173343.251+0000:P01:S1:INFO : Processing/regrid STASH code: 392
20260821173343.251+0000:P01:S1:INFO : LFRic field name: m_cl
20260821173343.262+0000:P01:S1:INFO : Fill LFRic field object with regridded data
20260821173343.262+0000:P01:S1:INFO : Processing/regrid STASH code: 393
20260821173343.262+0000:P01:S1:INFO : LFRic field name: m_cf
20260821173343.269+0000:P01:S1:INFO : Fill LFRic field object with regridded data
20260821173343.269+0000:P01:S1:INFO : Processing/regrid STASH code: 394
20260821173343.269+0000:P01:S1:INFO : LFRic field name: m_r
20260821173343.277+0000:P01:S1:INFO : Fill LFRic field object with regridded data
20260821173343.277+0000:P01:S1:INFO : Processing/regrid STASH code: 265
20260821173343.277+0000:P01:S1:INFO : LFRic field name: area_fraction
20260821173343.288+0000:P01:S1:INFO : Adding bottom level for stashcode: 265
20260821173343.288+0000:P01:S1:INFO : Fill LFRic field object with regridded data
20260821173343.289+0000:P01:S1:INFO : Processing/regrid STASH code: 266
20260821173343.289+0000:P01:S1:INFO : LFRic field name: bulk_fraction
20260821173343.299+0000:P01:S1:INFO : Fill LFRic field object with regridded data
20260821173343.299+0000:P01:S1:INFO : Processing/regrid STASH code: 267
20260821173343.299+0000:P01:S1:INFO : LFRic field name: liquid_fraction
20260821173343.309+0000:P01:S1:INFO : Fill LFRic field object with regridded data
20260821173343.309+0000:P01:S1:INFO : Processing/regrid STASH code: 268
20260821173343.309+0000:P01:S1:INFO : LFRic field name: frozen_fraction
20260821173343.317+0000:P01:S1:INFO : Fill LFRic field object with regridded data
20260821173343.317+0000:P01:S1:INFO : Processing/regrid STASH code: 25
20260821173343.317+0000:P01:S1:INFO : LFRic field name: zh
20260821173343.318+0000:P01:S1:INFO : Fill LFRic field object with regridded data
20260821173343.318+0000:P01:S1:INFO : Processing/regrid STASH code: 26
20260821173343.318+0000:P01:S1:INFO : LFRic field name: z0msea
20260821173343.319+0000:P01:S1:INFO : Fill LFRic field object with regridded data
20260821173343.319+0000:P01:S1:INFO : Processing/regrid STASH code: 493
20260821173343.319+0000:P01:S1:INFO : LFRic field name: dd_mf_cb
20260821173343.320+0000:P01:S1:INFO : Fill LFRic field object with regridded data
20260821173343.320+0000:P01:S1:INFO : Processing/regrid STASH code: 240
20260821173343.320+0000:P01:S1:INFO : LFRic field name: tile_snow_mass
20260821173343.322+0000:P01:S1:INFO : Will use nearest neigbour interpolation for stashcode:  240
20260821173343.322+0000:P01:S1:INFO : Fill LFRic field object with regridded data
20260821173343.322+0000:P01:S1:INFO : Processing/regrid STASH code: 380
20260821173343.322+0000:P01:S1:INFO : LFRic field name: tile_n_snow_layers
20260821173343.323+0000:P01:S1:INFO : Will use nearest neigbour interpolation for stashcode:  380
20260821173343.323+0000:P01:S1:INFO : Fill LFRic field object with regridded data
20260821173343.323+0000:P01:S1:INFO : Processing/regrid STASH code: 376
20260821173343.323+0000:P01:S1:INFO : LFRic field name: tile_snow_depth
20260821173343.325+0000:P01:S1:INFO : Will use nearest neigbour interpolation for stashcode:  376
20260821173343.325+0000:P01:S1:INFO : Fill LFRic field object with regridded data
20260821173343.325+0000:P01:S1:INFO : Processing/regrid STASH code: 231
20260821173343.325+0000:P01:S1:INFO : LFRic field name: tile_snow_rgrain
20260821173343.326+0000:P01:S1:INFO : Will use nearest neigbour interpolation for stashcode:  231
20260821173343.326+0000:P01:S1:INFO : Fill LFRic field object with regridded data
20260821173343.326+0000:P01:S1:INFO : Processing/regrid STASH code: 221
20260821173343.326+0000:P01:S1:INFO : LFRic field name: snow_soot
20260821173343.327+0000:P01:S1:INFO : Will use nearest neigbour interpolation for stashcode:  221
20260821173343.327+0000:P01:S1:INFO : Fill LFRic field object with regridded data
20260821173343.327+0000:P01:S1:INFO : Processing/regrid STASH code: 242
20260821173343.327+0000:P01:S1:INFO : LFRic field name: tile_snow_under_canopy
20260821173343.328+0000:P01:S1:INFO : Will use nearest neigbour interpolation for stashcode:  242
20260821173343.328+0000:P01:S1:INFO : Fill LFRic field object with regridded data
20260821173343.328+0000:P01:S1:INFO : Processing/regrid STASH code: 377
20260821173343.328+0000:P01:S1:INFO : LFRic field name: tile_snowpack_density
20260821173343.330+0000:P01:S1:INFO : Will use nearest neigbour interpolation for stashcode:  377
20260821173343.330+0000:P01:S1:INFO : Fill LFRic field object with regridded data
20260821173343.330+0000:P01:S1:INFO : Processing/regrid STASH code: 383
20260821173343.330+0000:P01:S1:INFO : LFRic field name: tile_snow_layer_liq_mass
20260821173343.332+0000:P01:S1:INFO : Will use nearest neigbour interpolation for stashcode:  383
20260821173343.332+0000:P01:S1:INFO : Reordering snow layers for stashcode: 383
20260821173343.332+0000:P01:S1:INFO : Fill LFRic field object with regridded data
20260821173343.332+0000:P01:S1:INFO : Processing/regrid STASH code: 382
20260821173343.332+0000:P01:S1:INFO : LFRic field name: tile_snow_layer_ice_mass
20260821173343.335+0000:P01:S1:INFO : Will use nearest neigbour interpolation for stashcode:  382
20260821173343.335+0000:P01:S1:INFO : Reordering snow layers for stashcode: 382
20260821173343.335+0000:P01:S1:INFO : Fill LFRic field object with regridded data
20260821173343.335+0000:P01:S1:INFO : Processing/regrid STASH code: 386
20260821173343.335+0000:P01:S1:INFO : LFRic field name: tile_snow_layer_rgrain
20260821173343.337+0000:P01:S1:INFO : Will use nearest neigbour interpolation for stashcode:  386
20260821173343.337+0000:P01:S1:INFO : Reordering snow layers for stashcode: 386
20260821173343.337+0000:P01:S1:INFO : Fill LFRic field object with regridded data
20260821173343.337+0000:P01:S1:INFO : Processing/regrid STASH code: 381
20260821173343.337+0000:P01:S1:INFO : LFRic field name: tile_snow_layer_thickness
20260821173343.341+0000:P01:S1:INFO : Will use nearest neigbour interpolation for stashcode:  381
20260821173343.341+0000:P01:S1:INFO : Reordering snow layers for stashcode: 381
20260821173343.341+0000:P01:S1:INFO : Fill LFRic field object with regridded data
20260821173343.341+0000:P01:S1:INFO : Processing/regrid STASH code: 384
20260821173343.342+0000:P01:S1:INFO : LFRic field name: tile_snow_layer_temp
20260821173343.344+0000:P01:S1:INFO : Will use nearest neigbour interpolation for stashcode:  384
20260821173343.344+0000:P01:S1:INFO : Reordering snow layers for stashcode: 384
20260821173343.344+0000:P01:S1:INFO : Fill LFRic field object with regridded data
20260821173343.344+0000:P01:S1:INFO : Processing/regrid STASH code: 9
20260821173343.344+0000:P01:S1:INFO : LFRic field name: soil_moisture
20260821173343.345+0000:P01:S1:INFO : Fill LFRic field object with regridded data
20260821173343.345+0000:P01:S1:INFO : Processing/regrid STASH code: 20
20260821173343.345+0000:P01:S1:INFO : LFRic field name: soil_temperature
20260821173343.346+0000:P01:S1:INFO : Fill LFRic field object with regridded data
20260821173343.346+0000:P01:S1:INFO : Processing/regrid STASH code: 279
20260821173343.346+0000:P01:S1:INFO : LFRic field name: soil_sat_frac
20260821173343.347+0000:P01:S1:INFO : Fill LFRic field object with regridded data
20260821173343.347+0000:P01:S1:INFO : Processing/regrid STASH code: 278
20260821173343.347+0000:P01:S1:INFO : LFRic field name: water_table
20260821173343.348+0000:P01:S1:INFO : Fill LFRic field object with regridded data
20260821173343.348+0000:P01:S1:INFO : Processing/regrid STASH code: 281
20260821173343.348+0000:P01:S1:INFO : LFRic field name: wetness_under_soil
20260821173343.348+0000:P01:S1:INFO : Fill LFRic field object with regridded data
20260821173343.348+0000:P01:S1:INFO : Processing/regrid STASH code: 213
20260821173343.348+0000:P01:S1:INFO : LFRic field name: surface_conductance
20260821173343.349+0000:P01:S1:INFO : Fill LFRic field object with regridded data
20260821173343.349+0000:P01:S1:INFO : Processing/regrid STASH code: 229
20260821173343.349+0000:P01:S1:INFO : LFRic field name: tile_canopy_water
20260821173343.351+0000:P01:S1:INFO : Fill LFRic field object with regridded data
20260821173343.351+0000:P01:S1:INFO : Processing/regrid STASH code: 233
20260821173343.351+0000:P01:S1:INFO : LFRic field name: tile_temperature
20260821173343.352+0000:P01:S1:INFO : Fill LFRic field object with regridded data
20260821173343.352+0000:P01:S1:INFO : Processing/regrid STASH code: 508
20260821173343.352+0000:P01:S1:INFO : LFRic field name: tstar_sea_ice
20260821173343.353+0000:P01:S1:INFO : Fill LFRic field object with regridded data
20260821173343.353+0000:P01:S1:INFO : Processing/regrid STASH code: 49
20260821173343.353+0000:P01:S1:INFO : LFRic field name: sea_ice_temperature
20260821173343.353+0000:P01:S1:INFO : Fill LFRic field object with regridded data
20260821173343.353+0000:P01:S1:INFO : Writing snow_soot
20260821173343.576+0000:P01:S1:INFO : Writing m_cf
20260821173343.577+0000:P01:S1:INFO : Writing sea_ice_temperature
20260821173343.579+0000:P01:S1:INFO : Writing tile_snow_depth
20260821173343.580+0000:P01:S1:INFO : Writing frozen_fraction
20260821173343.581+0000:P01:S1:INFO : Writing m_cl
20260821173343.582+0000:P01:S1:INFO : Writing tile_snow_mass
20260821173343.582+0000:P01:S1:INFO : Writing tile_canopy_water
20260821173343.583+0000:P01:S1:INFO : Writing m_r
20260821173343.584+0000:P01:S1:INFO : Writing tile_snow_rgrain
20260821173343.584+0000:P01:S1:INFO : Writing m_v
20260821173343.585+0000:P01:S1:INFO : Writing soil_moisture
20260821173343.586+0000:P01:S1:INFO : Writing tile_temperature
20260821173343.586+0000:P01:S1:INFO : Writing zh
20260821173343.588+0000:P01:S1:INFO : Writing rho
20260821173343.589+0000:P01:S1:INFO : Writing soil_temperature
20260821173343.589+0000:P01:S1:INFO : Writing theta
20260821173343.590+0000:P01:S1:INFO : Writing tile_n_snow_layers
20260821173343.591+0000:P01:S1:INFO : Writing tile_snow_layer_ice_mass
20260821173343.591+0000:P01:S1:INFO : Writing wetness_under_soil
20260821173343.593+0000:P01:S1:INFO : Writing ew_wind
20260821173343.594+0000:P01:S1:INFO : Writing tile_snow_layer_temp
