20260821173342.841+0000:P03:INFO : Runtime message logging severity set to log level: INFO
20260821173342.842+0000:P03:INFO : total ranks = 12, local_rank = 3
20260821173342.842+0000:P03:INFO : Initialising mesh
20260821173342.842+0000:P03:INFO : Reading global mesh: "dynamics"
20260821173342.850+0000:P03:INFO : Using auto decomposition
20260821173342.850+0000:P03:INFO : Number of cells in partition 12 X 6
20260821173342.858+0000:P03:INFO :    ... "dynamics"(id:1) based on mesh "dynamics"
20260821173342.858+0000:P03:INFO :    ... "dynamics_2d"(id:2) based on mesh "dynamics"
20260821173342.858+0000:P03:INFO : Creating function spaces and chi
20260821173342.858+0000:P03:INFO : FEM specifics: creating function spaces...
20260821173342.916+0000:P03:INFO : FEM specifics created
20260821173342.940+0000:P03:WARN : Frequency for file [lfric_checkpoint_write] defined in both LFRic and XIOS, defaulting to XIOS iodef.xml value
20260821173343.036+0000:P03:INFO : Creating lfric finite difference fields ...
20260821173343.036+0000:P03:INFO : Add ew_wind to field collection
20260821173343.036+0000:P03:INFO : Added
20260821173343.036+0000:P03:INFO : Add ns_wind to field collection
20260821173343.036+0000:P03:INFO : Added
20260821173343.036+0000:P03:INFO : Add upward_wind to field collection
20260821173343.037+0000:P03:INFO : Added
20260821173343.037+0000:P03:INFO : Add theta to field collection
20260821173343.037+0000:P03:INFO : Added
20260821173343.037+0000:P03:INFO : Add rho to field collection
20260821173343.037+0000:P03:INFO : Added
20260821173343.037+0000:P03:INFO : Add m_v to field collection
20260821173343.037+0000:P03:INFO : Added
20260821173343.037+0000:P03:INFO : Add m_cl to field collection
20260821173343.037+0000:P03:INFO : Added
20260821173343.037+0000:P03:INFO : Add m_cf to field collection
20260821173343.037+0000:P03:INFO : Added
20260821173343.037+0000:P03:INFO : Add m_r to field collection
20260821173343.037+0000:P03:INFO : Added
20260821173343.037+0000:P03:INFO : Add area_fraction to field collection
20260821173343.037+0000:P03:INFO : Added
20260821173343.037+0000:P03:INFO : Add bulk_fraction to field collection
20260821173343.037+0000:P03:INFO : Added
20260821173343.037+0000:P03:INFO : Add liquid_fraction to field collection
20260821173343.037+0000:P03:INFO : Added
20260821173343.037+0000:P03:INFO : Add frozen_fraction to field collection
20260821173343.037+0000:P03:INFO : Added
20260821173343.037+0000:P03:INFO : Add zh to field collection
20260821173343.037+0000:P03:INFO : Added
20260821173343.037+0000:P03:INFO : Add z0msea to field collection
20260821173343.037+0000:P03:INFO : Added
20260821173343.037+0000:P03:INFO : Add dd_mf_cb to field collection
20260821173343.037+0000:P03:INFO : Added
20260821173343.037+0000:P03:INFO : Add tile_snow_mass to field collection
20260821173343.037+0000:P03:INFO : Added
20260821173343.037+0000:P03:INFO : Add tile_n_snow_layers to field collection
20260821173343.037+0000:P03:INFO : Added
20260821173343.037+0000:P03:INFO : Add tile_snow_depth to field collection
20260821173343.037+0000:P03:INFO : Added
20260821173343.037+0000:P03:INFO : Add tile_snow_rgrain to field collection
20260821173343.037+0000:P03:INFO : Added
20260821173343.037+0000:P03:INFO : Add snow_soot to field collection
20260821173343.037+0000:P03:INFO : Added
20260821173343.037+0000:P03:INFO : Add tile_snow_under_canopy to field collection
20260821173343.037+0000:P03:INFO : Added
20260821173343.037+0000:P03:INFO : Add tile_snowpack_density to field collection
20260821173343.037+0000:P03:INFO : Added
20260821173343.037+0000:P03:INFO : Add tile_snow_layer_liq_mass to field collection
20260821173343.038+0000:P03:INFO : Added
20260821173343.038+0000:P03:INFO : Add tile_snow_layer_ice_mass to field collection
20260821173343.038+0000:P03:INFO : Added
20260821173343.038+0000:P03:INFO : Add tile_snow_layer_rgrain to field collection
20260821173343.038+0000:P03:INFO : Added
20260821173343.038+0000:P03:INFO : Add tile_snow_layer_thickness to field collection
20260821173343.038+0000:P03:INFO : Added
20260821173343.038+0000:P03:INFO : Add tile_snow_layer_temp to field collection
20260821173343.039+0000:P03:INFO : Added
20260821173343.039+0000:P03:INFO : Add soil_moisture to field collection
20260821173343.039+0000:P03:INFO : Added
20260821173343.039+0000:P03:INFO : Add soil_temperature to field collection
20260821173343.039+0000:P03:INFO : Added
20260821173343.039+0000:P03:INFO : Add soil_sat_frac to field collection
20260821173343.039+0000:P03:INFO : Added
20260821173343.039+0000:P03:INFO : Add water_table to field collection
20260821173343.039+0000:P03:INFO : Added
20260821173343.039+0000:P03:INFO : Add wetness_under_soil to field collection
20260821173343.039+0000:P03:INFO : Added
20260821173343.039+0000:P03:INFO : Add surface_conductance to field collection
20260821173343.039+0000:P03:INFO : Added
20260821173343.039+0000:P03:INFO : Add tile_canopy_water to field collection
20260821173343.039+0000:P03:INFO : Added
20260821173343.039+0000:P03:INFO : Add tile_temperature to field collection
20260821173343.039+0000:P03:INFO : Added
20260821173343.039+0000:P03:INFO : Add tstar_sea_ice to field collection
20260821173343.039+0000:P03:INFO : Added
20260821173343.039+0000:P03:INFO : Add sea_ice_temperature to field collection
20260821173343.039+0000:P03:INFO : Added
20260821173343.039+0000:P03:INFO : ... Done creating finite difference fields
20260821173343.039+0000:P03:INFO : Create ancil fields: Setting up ancil field collection
20260821173343.039+0000:P03:INFO : Create land area fraction ancil
20260821173343.039+0000:P03:INFO : Creating new field for land_area_fraction
20260821173343.039+0000:P03:INFO : Loading weights file: weights_file_p_to_face_centre_bilinear.nc
20260821173343.045+0000:P03:INFO : Allocated remap_matrix(num_wgts = 1 , num_links = 3456 )
20260821173343.045+0000:P03:INFO : Loading weights file: weights_file_p_to_face_centre_neareststod.nc
20260821173343.048+0000:P03:INFO : Allocated remap_matrix(num_wgts = 1 , num_links = 864 )
20260821173343.049+0000:P03:INFO : Loading weights file: weights_file_u_to_face_centre_bilinear.nc
20260821173343.051+0000:P03:INFO : Allocated remap_matrix(num_wgts = 1 , num_links = 3456 )
20260821173343.052+0000:P03:INFO : Loading weights file: weights_file_v_to_face_centre_bilinear.nc
20260821173343.054+0000:P03:INFO : Allocated remap_matrix(num_wgts = 1 , num_links = 3456 )
20260821173343.054+0000:P03:INFO : Loading weights file: weights_file_p_to_face_centre_neareststod.nc
20260821173343.056+0000:P03:INFO : Allocated remap_matrix(num_wgts = 1 , num_links = 864 )
20260821173343.057+0000:P03:INFO : Maximum base dof index = 133
20260821173343.076+0000:P03:INFO : Number of adjusted points = 26
20260821173343.076+0000:P03:INFO :  *!    1.1126473981463851       0.41589243193055048                         2                27648   3.4692418228337227E-002   3.9330463191454786E-002
20260821173343.076+0000:P03:INFO :  *!    1.2435470920459597       0.31050440137787955                         2                27648   1.6623585990992326E-002   3.9330463191454786E-002
20260821173343.076+0000:P03:INFO :  *!    1.5053464798451093       0.32595711196908250                         4                27648   1.9700882124691729E-002   3.9330463191454786E-002
20260821173343.076+0000:P03:INFO :  *!    1.6362461737446838       0.32595711196908250                         6                27648   1.8262576359222411E-002   3.9330463191454786E-002
20260821173343.076+0000:P03:INFO :  *!    1.8980455615438334       0.31050440137787955                         7                27648   1.6623585990992326E-002   3.9330463191454786E-002
20260821173343.076+0000:P03:INFO :  *!    2.0289452554434080       0.29515015288469326                         0                27648   6.2831853071795862        3.9330463191454786E-002
20260821173343.076+0000:P03:INFO :  *!    2.0289452554434080       0.29515015288469326                         9                27648   5.2191936091132408E-002   7.8660926382909571E-002
20260821173343.076+0000:P03:INFO :  *!    2.1598449493429825       0.50663119562931103                         1                27648   1.5515003928491712E-002   3.9330463191454786E-002
20260821173343.076+0000:P03:INFO :  *!    2.1598449493429825       0.38877293697296245                         2                27648   3.9610828636569541E-002   3.9330463191454786E-002
20260821173343.076+0000:P03:INFO :  *!    2.1598449493429825       0.38877293697296245                         0                27648   3.9610828636569541E-002   4.1591370068398019E-002
20260821173343.076+0000:P03:INFO :  *!   0.98174770424681046       0.27484942190994277                         1                27648   2.5173443790595620E-002   3.9330463191454786E-002
20260821173343.077+0000:P03:INFO :  *!    2.1598449493429825       0.27484942190994277                         4                27648   1.5897968236928243E-002   3.9330463191454786E-002
20260821173343.077+0000:P03:INFO :  *!   0.98174770424681035       0.16376736789558688                         0                27648   6.2831853071795862        3.9330463191454786E-002
20260821173343.077+0000:P03:INFO :  *!   0.98174770424681035       0.16376736789558688                         2                27648   6.4950700051351160E-002   7.8660926382909571E-002
20260821173343.077+0000:P03:INFO :  *!    1.2435470920459597       0.18586494501657122                         0                27648   6.2831853071795862        3.9330463191454786E-002
20260821173343.077+0000:P03:INFO :  *!    1.2435470920459597       0.18586494501657122                         2                27648   6.4606271501484944E-002   7.8660926382909571E-002
20260821173343.077+0000:P03:INFO :  *!    1.6362461737446838       0.19553771956370794                         3                27648   1.8975472821698588E-002   3.9330463191454786E-002
20260821173343.077+0000:P03:INFO :  *!    1.7671458676442586       0.19230024966714804                         6                27648   1.7473907641053530E-002   3.9330463191454786E-002
20260821173343.077+0000:P03:INFO :  *!    1.8980455615438334       0.18586494501657119                         3                27648   1.6086862481448704E-002   3.9330463191454786E-002
20260821173343.077+0000:P03:INFO :  *!    2.0289452554434080       0.17631251294357775                         2                27648   2.0519467344983836E-002   3.9330463191454786E-002
20260821173343.077+0000:P03:INFO :  *!    2.1598449493429825       0.62943859141459269                         2                27648   1.9323490056371680E-002   3.9330463191454786E-002
20260821173343.077+0000:P03:INFO :  *!    2.2907446432425576       0.46527147841860295                         1                27648   2.9436732781407775E-002   3.9330463191454786E-002
20260821173343.077+0000:P03:INFO :  *!   0.85084801034723578       0.24978353187218155                         5                27648   1.5891057236868501E-002   3.9330463191454786E-002
20260821173343.077+0000:P03:INFO :  *!    2.2907446432425576       0.14840098551998115                         0                27648   6.2831853071795862        3.9330463191454786E-002
20260821173343.077+0000:P03:INFO :  *!    2.2907446432425576       0.14840098551998115                         2                27648   4.9016738129752511E-002   7.8660926382909571E-002
20260821173343.077+0000:P03:INFO :  *!   0.85084801034723578        4.9223612664117608E-002                    2                27648   1.7183998821649775E-002   3.9330463191454786E-002
20260821173343.077+0000:P03:INFO :  *!    1.3744467859455345        6.4070013802502407E-002                    1                27648   3.7803177365832365E-002   3.9330463191454786E-002
20260821173343.077+0000:P03:INFO :  *!    1.6362461737446838        6.5173027613957268E-002                    2                27648   1.9786254840571640E-002   3.9330463191454786E-002
20260821173343.077+0000:P03:INFO :  *!    1.8980455615438334        6.1881036839013005E-002                    3                27648   1.7907846236397393E-002   3.9330463191454786E-002
20260821173343.077+0000:P03:INFO :  *!    2.1598449493429825        5.4398448961857720E-002                    2                27648   1.6338820214692525E-002   3.9330463191454786E-002
20260821173343.077+0000:P03:INFO :  *!    2.2907446432425571        4.9223612664117608E-002                    0                27648   6.2831853071795862        3.9330463191454786E-002
20260821173343.077+0000:P03:INFO :  *!    2.2907446432425571        4.9223612664117608E-002                    8                27648   4.9308867871221011E-002   7.8660926382909571E-002
20260821173343.078+0000:P03:INFO : Number of adjusted points = 19
20260821173343.078+0000:P03:INFO :  *!    1.2435470920459597       0.43620284747060145                         1                27648   3.5856176868800126E-002   3.9330463191454786E-002
20260821173343.078+0000:P03:INFO :  *!    1.5053464798451093       0.45646370614054776                         0                27648   6.2831853071795862        3.9330463191454786E-002
20260821173343.078+0000:P03:INFO :  *!    1.5053464798451093       0.45646370614054776                         4                27648   7.6152933193330719E-002   7.8660926382909571E-002
20260821173343.078+0000:P03:INFO :  *!    1.6362461737446838       0.45646370614054782                         0                27648   6.2831853071795862        3.9330463191454786E-002
20260821173343.078+0000:P03:INFO :  *!    1.6362461737446838       0.45646370614054782                         4                27648   6.9164533536958964E-002   7.8660926382909571E-002
20260821173343.078+0000:P03:INFO :  *!    1.8980455615438334       0.43620284747060145                         0                27648   6.2831853071795862        3.9330463191454786E-002
20260821173343.078+0000:P03:INFO :  *!    1.8980455615438334       0.43620284747060145                        10                27648   5.6444422747099675E-002   7.8660926382909571E-002
20260821173343.078+0000:P03:INFO :  *!    2.0289452554434080       0.41589243193055048                         5                27648   1.7718100717896878E-002   3.9330463191454786E-002
20260821173343.078+0000:P03:INFO :  *!    1.3744467859455345       0.32079593966756947                         0                27648   6.2831853071795862        3.9330463191454786E-002
20260821173343.078+0000:P03:INFO :  *!    1.3744467859455345       0.32079593966756947                        12                27648   5.0569315977135126E-002   7.8660926382909571E-002
20260821173343.078+0000:P03:INFO :  *!    1.7671458676442586       0.32079593966756953                         0                27648   6.2831853071795862        3.9330463191454786E-002
20260821173343.078+0000:P03:INFO :  *!    1.7671458676442586       0.32079593966756953                        10                27648   5.3652531381526668E-002   7.8660926382909571E-002
20260821173343.078+0000:P03:INFO :  *!   0.98174770424681046       0.50663119562931092                         2                27648   4.0257491548854274E-002   3.9330463191454786E-002
20260821173343.078+0000:P03:INFO :  *!   0.98174770424681046       0.50663119562931092                         0                27648   4.0257491548854274E-002   4.2270366126296990E-002
20260821173343.078+0000:P03:INFO :  *!    2.0289452554434080       0.53921565969234631                         0                27648   6.2831853071795862        3.9330463191454786E-002
20260821173343.078+0000:P03:INFO :  *!    2.0289452554434080       0.53921565969234631                         9                27648   7.0455051020227116E-002   7.8660926382909571E-002
20260821173343.078+0000:P03:INFO :  *!   0.98174770424681035       0.38877293697296239                         4                27648   2.1163946279793781E-002   3.9330463191454786E-002
20260821173343.078+0000:P03:INFO :  *!    1.3744467859455345       0.19230024966714804                         5                27648   1.7473907641053530E-002   3.9330463191454786E-002
20260821173343.078+0000:P03:INFO :  *!   0.85084801034723578       0.58253043722169640                         0                27648   6.2831853071795862        3.9330463191454786E-002
20260821173343.078+0000:P03:INFO :  *!   0.85084801034723578       0.58253043722169640                         8                27648   4.9987052122501839E-002   7.8660926382909571E-002
20260821173343.078+0000:P03:INFO :  *!   0.98174770424681046       0.62943859141459257                         0                27648   6.2831853071795862        3.9330463191454786E-002
20260821173343.079+0000:P03:INFO :  *!   0.98174770424681046       0.62943859141459257                         6                27648   4.1932584060052944E-002   7.8660926382909571E-002
20260821173343.079+0000:P03:INFO :  *!    2.0289452554434080       0.66569530229871510                         5                27648   1.2873508988797678E-002   3.9330463191454786E-002
20260821173343.079+0000:P03:INFO :  *!   0.85084801034723578       0.46527147841860295                         4                27648   1.5091701690123022E-002   3.9330463191454786E-002
20260821173343.079+0000:P03:INFO :  *!   0.85084801034723578       0.35488586242666037                         0                27648   6.2831853071795862        3.9330463191454786E-002
20260821173343.079+0000:P03:INFO :  *!   0.85084801034723578       0.35488586242666037                         4                27648   7.6203135621592213E-002   7.8660926382909571E-002
20260821173343.079+0000:P03:INFO :  *!   0.85084801034723578       0.14840098551998115                         4                27648   1.7481383450735220E-002   3.9330463191454786E-002
20260821173343.079+0000:P03:INFO :  *!    1.7671458676442586        6.4070013802502407E-002                    7                27648   1.8909769237777787E-002   3.9330463191454786E-002
20260821173343.079+0000:P03:INFO :  *!    2.0289452554434080        5.8640174666343900E-002                    4                27648   1.6842567308385476E-002   3.9330463191454786E-002
20260821173343.079+0000:P03:S1:INFO :  Regrid fields for forecast time:    451416.00000000000      ... where current xios date is: 2009-03-01 01:00:00
20260821173343.079+0000:P03:S1:INFO : Will process 38 fields
20260821173343.079+0000:P03:S1:INFO : Processing/regrid STASH code: 2
20260821173343.079+0000:P03:S1:INFO : LFRic field name: ew_wind
20260821173343.092+0000:P03:S1:INFO : Fill LFRic field object with regridded data
20260821173343.092+0000:P03:S1:INFO : Processing/regrid STASH code: 3
20260821173343.092+0000:P03:S1:INFO : LFRic field name: ns_wind
20260821173343.104+0000:P03:S1:INFO : Fill LFRic field object with regridded data
20260821173343.104+0000:P03:S1:INFO : Processing/regrid STASH code: 150
20260821173343.104+0000:P03:S1:INFO : LFRic field name: upward_wind
20260821173343.121+0000:P03:S1:INFO : Fill LFRic field object with regridded data
20260821173343.121+0000:P03:S1:INFO : Processing/regrid STASH code: 4
20260821173343.121+0000:P03:S1:INFO : LFRic field name: theta
20260821173343.140+0000:P03:S1:INFO : Fill LFRic field object with regridded data
20260821173343.140+0000:P03:S1:INFO : Processing/regrid STASH code: 389
20260821173343.140+0000:P03:S1:INFO : LFRic field name: rho
20260821173343.238+0000:P03:S1:INFO : Fill LFRic field object with regridded data
20260821173343.238+0000:P03:S1:INFO : Processing/regrid STASH code: 391
20260821173343.238+0000:P03:S1:INFO : LFRic field name: m_v
20260821173343.250+0000:P03:S1:INFO : Fill LFRic field object with regridded data
20260821173343.250+0000:P03:S1:INFO : Processing/regrid STASH code: 392
20260821173343.250+0000:P03:S1:INFO : LFRic field name: m_cl
20260821173343.262+0000:P03:S1:INFO : Fill LFRic field object with regridded data
20260821173343.262+0000:P03:S1:INFO : Processing/regrid STASH code: 393
20260821173343.262+0000:P03:S1:INFO : LFRic field name: m_cf
20260821173343.269+0000:P03:S1:INFO : Fill LFRic field object with regridded data
20260821173343.269+0000:P03:S1:INFO : Processing/regrid STASH code: 394
20260821173343.269+0000:P03:S1:INFO : LFRic field name: m_r
20260821173343.277+0000:P03:S1:INFO : Fill LFRic field object with regridded data
20260821173343.277+0000:P03:S1:INFO : Processing/regrid STASH code: 265
20260821173343.277+0000:P03:S1:INFO : LFRic field name: area_fraction
20260821173343.288+0000:P03:S1:INFO : Adding bottom level for stashcode: 265
20260821173343.288+0000:P03:S1:INFO : Fill LFRic field object with regridded data
20260821173343.288+0000:P03:S1:INFO : Processing/regrid STASH code: 266
20260821173343.288+0000:P03:S1:INFO : LFRic field name: bulk_fraction
20260821173343.299+0000:P03:S1:INFO : Fill LFRic field object with regridded data
20260821173343.299+0000:P03:S1:INFO : Processing/regrid STASH code: 267
20260821173343.299+0000:P03:S1:INFO : LFRic field name: liquid_fraction
20260821173343.309+0000:P03:S1:INFO : Fill LFRic field object with regridded data
20260821173343.309+0000:P03:S1:INFO : Processing/regrid STASH code: 268
20260821173343.309+0000:P03:S1:INFO : LFRic field name: frozen_fraction
20260821173343.317+0000:P03:S1:INFO : Fill LFRic field object with regridded data
20260821173343.317+0000:P03:S1:INFO : Processing/regrid STASH code: 25
20260821173343.317+0000:P03:S1:INFO : LFRic field name: zh
20260821173343.318+0000:P03:S1:INFO : Fill LFRic field object with regridded data
20260821173343.318+0000:P03:S1:INFO : Processing/regrid STASH code: 26
20260821173343.318+0000:P03:S1:INFO : LFRic field name: z0msea
20260821173343.319+0000:P03:S1:INFO : Fill LFRic field object with regridded data
20260821173343.319+0000:P03:S1:INFO : Processing/regrid STASH code: 493
20260821173343.319+0000:P03:S1:INFO : LFRic field name: dd_mf_cb
20260821173343.320+0000:P03:S1:INFO : Fill LFRic field object with regridded data
20260821173343.320+0000:P03:S1:INFO : Processing/regrid STASH code: 240
20260821173343.320+0000:P03:S1:INFO : LFRic field name: tile_snow_mass
20260821173343.321+0000:P03:S1:INFO : Will use nearest neigbour interpolation for stashcode:  240
20260821173343.321+0000:P03:S1:INFO : Fill LFRic field object with regridded data
20260821173343.321+0000:P03:S1:INFO : Processing/regrid STASH code: 380
20260821173343.321+0000:P03:S1:INFO : LFRic field name: tile_n_snow_layers
20260821173343.323+0000:P03:S1:INFO : Will use nearest neigbour interpolation for stashcode:  380
20260821173343.323+0000:P03:S1:INFO : Fill LFRic field object with regridded data
20260821173343.323+0000:P03:S1:INFO : Processing/regrid STASH code: 376
20260821173343.323+0000:P03:S1:INFO : LFRic field name: tile_snow_depth
20260821173343.324+0000:P03:S1:INFO : Will use nearest neigbour interpolation for stashcode:  376
20260821173343.324+0000:P03:S1:INFO : Fill LFRic field object with regridded data
20260821173343.324+0000:P03:S1:INFO : Processing/regrid STASH code: 231
20260821173343.324+0000:P03:S1:INFO : LFRic field name: tile_snow_rgrain
20260821173343.325+0000:P03:S1:INFO : Will use nearest neigbour interpolation for stashcode:  231
20260821173343.325+0000:P03:S1:INFO : Fill LFRic field object with regridded data
20260821173343.325+0000:P03:S1:INFO : Processing/regrid STASH code: 221
20260821173343.325+0000:P03:S1:INFO : LFRic field name: snow_soot
20260821173343.326+0000:P03:S1:INFO : Will use nearest neigbour interpolation for stashcode:  221
20260821173343.326+0000:P03:S1:INFO : Fill LFRic field object with regridded data
20260821173343.326+0000:P03:S1:INFO : Processing/regrid STASH code: 242
20260821173343.326+0000:P03:S1:INFO : LFRic field name: tile_snow_under_canopy
20260821173343.327+0000:P03:S1:INFO : Will use nearest neigbour interpolation for stashcode:  242
20260821173343.327+0000:P03:S1:INFO : Fill LFRic field object with regridded data
20260821173343.327+0000:P03:S1:INFO : Processing/regrid STASH code: 377
20260821173343.327+0000:P03:S1:INFO : LFRic field name: tile_snowpack_density
20260821173343.328+0000:P03:S1:INFO : Will use nearest neigbour interpolation for stashcode:  377
20260821173343.328+0000:P03:S1:INFO : Fill LFRic field object with regridded data
20260821173343.328+0000:P03:S1:INFO : Processing/regrid STASH code: 383
20260821173343.328+0000:P03:S1:INFO : LFRic field name: tile_snow_layer_liq_mass
20260821173343.331+0000:P03:S1:INFO : Will use nearest neigbour interpolation for stashcode:  383
20260821173343.331+0000:P03:S1:INFO : Reordering snow layers for stashcode: 383
20260821173343.331+0000:P03:S1:INFO : Fill LFRic field object with regridded data
20260821173343.331+0000:P03:S1:INFO : Processing/regrid STASH code: 382
20260821173343.331+0000:P03:S1:INFO : LFRic field name: tile_snow_layer_ice_mass
20260821173343.336+0000:P03:S1:INFO : Will use nearest neigbour interpolation for stashcode:  382
20260821173343.336+0000:P03:S1:INFO : Reordering snow layers for stashcode: 382
20260821173343.336+0000:P03:S1:INFO : Fill LFRic field object with regridded data
20260821173343.336+0000:P03:S1:INFO : Processing/regrid STASH code: 386
20260821173343.336+0000:P03:S1:INFO : LFRic field name: tile_snow_layer_rgrain
20260821173343.338+0000:P03:S1:INFO : Will use nearest neigbour interpolation for stashcode:  386
20260821173343.338+0000:P03:S1:INFO : Reordering snow layers for stashcode: 386
20260821173343.338+0000:P03:S1:INFO : Fill LFRic field object with regridded data
20260821173343.338+0000:P03:S1:INFO : Processing/regrid STASH code: 381
20260821173343.338+0000:P03:S1:INFO : LFRic field name: tile_snow_layer_thickness
20260821173343.340+0000:P03:S1:INFO : Will use nearest neigbour interpolation for stashcode:  381
20260821173343.341+0000:P03:S1:INFO : Reordering snow layers for stashcode: 381
20260821173343.341+0000:P03:S1:INFO : Fill LFRic field object with regridded data
20260821173343.341+0000:P03:S1:INFO : Processing/regrid STASH code: 384
20260821173343.341+0000:P03:S1:INFO : LFRic field name: tile_snow_layer_temp
20260821173343.343+0000:P03:S1:INFO : Will use nearest neigbour interpolation for stashcode:  384
20260821173343.343+0000:P03:S1:INFO : Reordering snow layers for stashcode: 384
20260821173343.343+0000:P03:S1:INFO : Fill LFRic field object with regridded data
20260821173343.343+0000:P03:S1:INFO : Processing/regrid STASH code: 9
20260821173343.343+0000:P03:S1:INFO : LFRic field name: soil_moisture
20260821173343.344+0000:P03:S1:INFO : Fill LFRic field object with regridded data
20260821173343.344+0000:P03:S1:INFO : Processing/regrid STASH code: 20
20260821173343.344+0000:P03:S1:INFO : LFRic field name: soil_temperature
20260821173343.345+0000:P03:S1:INFO : Fill LFRic field object with regridded data
20260821173343.345+0000:P03:S1:INFO : Processing/regrid STASH code: 279
20260821173343.345+0000:P03:S1:INFO : LFRic field name: soil_sat_frac
20260821173343.346+0000:P03:S1:INFO : Fill LFRic field object with regridded data
20260821173343.346+0000:P03:S1:INFO : Processing/regrid STASH code: 278
20260821173343.346+0000:P03:S1:INFO : LFRic field name: water_table
20260821173343.347+0000:P03:S1:INFO : Fill LFRic field object with regridded data
20260821173343.347+0000:P03:S1:INFO : Processing/regrid STASH code: 281
20260821173343.347+0000:P03:S1:INFO : LFRic field name: wetness_under_soil
20260821173343.347+0000:P03:S1:INFO : Fill LFRic field object with regridded data
20260821173343.347+0000:P03:S1:INFO : Processing/regrid STASH code: 213
20260821173343.347+0000:P03:S1:INFO : LFRic field name: surface_conductance
20260821173343.348+0000:P03:S1:INFO : Fill LFRic field object with regridded data
20260821173343.348+0000:P03:S1:INFO : Processing/regrid STASH code: 229
20260821173343.348+0000:P03:S1:INFO : LFRic field name: tile_canopy_water
20260821173343.349+0000:P03:S1:INFO : Fill LFRic field object with regridded data
20260821173343.349+0000:P03:S1:INFO : Processing/regrid STASH code: 233
20260821173343.349+0000:P03:S1:INFO : LFRic field name: tile_temperature
20260821173343.351+0000:P03:S1:INFO : Fill LFRic field object with regridded data
20260821173343.351+0000:P03:S1:INFO : Processing/regrid STASH code: 508
20260821173343.351+0000:P03:S1:INFO : LFRic field name: tstar_sea_ice
20260821173343.352+0000:P03:S1:INFO : Fill LFRic field object with regridded data
20260821173343.352+0000:P03:S1:INFO : Processing/regrid STASH code: 49
20260821173343.352+0000:P03:S1:INFO : LFRic field name: sea_ice_temperature
20260821173343.352+0000:P03:S1:INFO : Fill LFRic field object with regridded data
20260821173343.352+0000:P03:S1:INFO : Writing snow_soot
20260821173343.576+0000:P03:S1:INFO : Writing m_cf
20260821173343.577+0000:P03:S1:INFO : Writing sea_ice_temperature
20260821173343.579+0000:P03:S1:INFO : Writing tile_snow_depth
20260821173343.580+0000:P03:S1:INFO : Writing frozen_fraction
20260821173343.581+0000:P03:S1:INFO : Writing m_cl
20260821173343.582+0000:P03:S1:INFO : Writing tile_snow_mass
20260821173343.582+0000:P03:S1:INFO : Writing tile_canopy_water
20260821173343.583+0000:P03:S1:INFO : Writing m_r
20260821173343.584+0000:P03:S1:INFO : Writing tile_snow_rgrain
20260821173343.584+0000:P03:S1:INFO : Writing m_v
20260821173343.585+0000:P03:S1:INFO : Writing soil_moisture
