20260821173342.840+0000:P06:INFO : Runtime message logging severity set to log level: INFO
20260821173342.840+0000:P06:INFO : total ranks = 12, local_rank = 6
20260821173342.840+0000:P06:INFO : Initialising mesh
20260821173342.840+0000:P06:INFO : Reading global mesh: "dynamics"
20260821173342.849+0000:P06:INFO : Using auto decomposition
20260821173342.849+0000:P06:INFO : Number of cells in partition 12 X 6
20260821173342.858+0000:P06:INFO :    ... "dynamics"(id:1) based on mesh "dynamics"
20260821173342.858+0000:P06:INFO :    ... "dynamics_2d"(id:2) based on mesh "dynamics"
20260821173342.858+0000:P06:INFO : Creating function spaces and chi
20260821173342.858+0000:P06:INFO : FEM specifics: creating function spaces...
20260821173342.916+0000:P06:INFO : FEM specifics created
20260821173342.940+0000:P06:WARN : Frequency for file [lfric_checkpoint_write] defined in both LFRic and XIOS, defaulting to XIOS iodef.xml value
20260821173343.036+0000:P06:INFO : Creating lfric finite difference fields ...
20260821173343.036+0000:P06:INFO : Add ew_wind to field collection
20260821173343.036+0000:P06:INFO : Added
20260821173343.036+0000:P06:INFO : Add ns_wind to field collection
20260821173343.036+0000:P06:INFO : Added
20260821173343.036+0000:P06:INFO : Add upward_wind to field collection
20260821173343.036+0000:P06:INFO : Added
20260821173343.036+0000:P06:INFO : Add theta to field collection
20260821173343.036+0000:P06:INFO : Added
20260821173343.036+0000:P06:INFO : Add rho to field collection
20260821173343.037+0000:P06:INFO : Added
20260821173343.037+0000:P06:INFO : Add m_v to field collection
20260821173343.037+0000:P06:INFO : Added
20260821173343.037+0000:P06:INFO : Add m_cl to field collection
20260821173343.037+0000:P06:INFO : Added
20260821173343.037+0000:P06:INFO : Add m_cf to field collection
20260821173343.037+0000:P06:INFO : Added
20260821173343.037+0000:P06:INFO : Add m_r to field collection
20260821173343.037+0000:P06:INFO : Added
20260821173343.037+0000:P06:INFO : Add area_fraction to field collection
20260821173343.037+0000:P06:INFO : Added
20260821173343.037+0000:P06:INFO : Add bulk_fraction to field collection
20260821173343.037+0000:P06:INFO : Added
20260821173343.037+0000:P06:INFO : Add liquid_fraction to field collection
20260821173343.037+0000:P06:INFO : Added
20260821173343.037+0000:P06:INFO : Add frozen_fraction to field collection
20260821173343.037+0000:P06:INFO : Added
20260821173343.037+0000:P06:INFO : Add zh to field collection
20260821173343.037+0000:P06:INFO : Added
20260821173343.037+0000:P06:INFO : Add z0msea to field collection
20260821173343.037+0000:P06:INFO : Added
20260821173343.037+0000:P06:INFO : Add dd_mf_cb to field collection
20260821173343.037+0000:P06:INFO : Added
20260821173343.037+0000:P06:INFO : Add tile_snow_mass to field collection
20260821173343.037+0000:P06:INFO : Added
20260821173343.037+0000:P06:INFO : Add tile_n_snow_layers to field collection
20260821173343.037+0000:P06:INFO : Added
20260821173343.037+0000:P06:INFO : Add tile_snow_depth to field collection
20260821173343.037+0000:P06:INFO : Added
20260821173343.037+0000:P06:INFO : Add tile_snow_rgrain to field collection
20260821173343.037+0000:P06:INFO : Added
20260821173343.037+0000:P06:INFO : Add snow_soot to field collection
20260821173343.037+0000:P06:INFO : Added
20260821173343.037+0000:P06:INFO : Add tile_snow_under_canopy to field collection
20260821173343.037+0000:P06:INFO : Added
20260821173343.037+0000:P06:INFO : Add tile_snowpack_density to field collection
20260821173343.037+0000:P06:INFO : Added
20260821173343.037+0000:P06:INFO : Add tile_snow_layer_liq_mass to field collection
20260821173343.037+0000:P06:INFO : Added
20260821173343.037+0000:P06:INFO : Add tile_snow_layer_ice_mass to field collection
20260821173343.037+0000:P06:INFO : Added
20260821173343.037+0000:P06:INFO : Add tile_snow_layer_rgrain to field collection
20260821173343.037+0000:P06:INFO : Added
20260821173343.037+0000:P06:INFO : Add tile_snow_layer_thickness to field collection
20260821173343.037+0000:P06:INFO : Added
20260821173343.037+0000:P06:INFO : Add tile_snow_layer_temp to field collection
20260821173343.039+0000:P06:INFO : Added
20260821173343.039+0000:P06:INFO : Add soil_moisture to field collection
20260821173343.039+0000:P06:INFO : Added
20260821173343.039+0000:P06:INFO : Add soil_temperature to field collection
20260821173343.039+0000:P06:INFO : Added
20260821173343.039+0000:P06:INFO : Add soil_sat_frac to field collection
20260821173343.039+0000:P06:INFO : Added
20260821173343.039+0000:P06:INFO : Add water_table to field collection
20260821173343.039+0000:P06:INFO : Added
20260821173343.039+0000:P06:INFO : Add wetness_under_soil to field collection
20260821173343.039+0000:P06:INFO : Added
20260821173343.039+0000:P06:INFO : Add surface_conductance to field collection
20260821173343.039+0000:P06:INFO : Added
20260821173343.039+0000:P06:INFO : Add tile_canopy_water to field collection
20260821173343.039+0000:P06:INFO : Added
20260821173343.039+0000:P06:INFO : Add tile_temperature to field collection
20260821173343.039+0000:P06:INFO : Added
20260821173343.040+0000:P06:INFO : Add tstar_sea_ice to field collection
20260821173343.040+0000:P06:INFO : Added
20260821173343.040+0000:P06:INFO : Add sea_ice_temperature to field collection
20260821173343.040+0000:P06:INFO : Added
20260821173343.040+0000:P06:INFO : ... Done creating finite difference fields
20260821173343.040+0000:P06:INFO : Create ancil fields: Setting up ancil field collection
20260821173343.040+0000:P06:INFO : Create land area fraction ancil
20260821173343.040+0000:P06:INFO : Creating new field for land_area_fraction
20260821173343.040+0000:P06:INFO : Loading weights file: weights_file_p_to_face_centre_bilinear.nc
20260821173343.045+0000:P06:INFO : Allocated remap_matrix(num_wgts = 1 , num_links = 3456 )
20260821173343.046+0000:P06:INFO : Loading weights file: weights_file_p_to_face_centre_neareststod.nc
20260821173343.049+0000:P06:INFO : Allocated remap_matrix(num_wgts = 1 , num_links = 864 )
20260821173343.049+0000:P06:INFO : Loading weights file: weights_file_u_to_face_centre_bilinear.nc
20260821173343.052+0000:P06:INFO : Allocated remap_matrix(num_wgts = 1 , num_links = 3456 )
20260821173343.052+0000:P06:INFO : Loading weights file: weights_file_v_to_face_centre_bilinear.nc
20260821173343.055+0000:P06:INFO : Allocated remap_matrix(num_wgts = 1 , num_links = 3456 )
20260821173343.056+0000:P06:INFO : Loading weights file: weights_file_p_to_face_centre_neareststod.nc
20260821173343.058+0000:P06:INFO : Allocated remap_matrix(num_wgts = 1 , num_links = 864 )
20260821173343.058+0000:P06:INFO : Maximum base dof index = 151
20260821173343.076+0000:P06:INFO : Number of adjusted points = 21
20260821173343.076+0000:P06:INFO :  *!   -1.2435470920459599       0.43620284747060145                         1                27648   3.5856176868800126E-002   3.9330463191454786E-002
20260821173343.076+0000:P06:INFO :  *!   -1.2435470920459599       0.31050440137787955                         4                27648   1.6623585990992326E-002   3.9330463191454786E-002
20260821173343.076+0000:P06:INFO :  *!   -1.1126473981463851       0.29515015288469326                         3                27648   1.5668901044323592E-002   3.9330463191454786E-002
20260821173343.076+0000:P06:INFO :  *!   -1.2435470920459599      -0.43620284747060134                         4                27648   1.8363485408857950E-002   3.9330463191454786E-002
20260821173343.076+0000:P06:INFO :  *!   -1.3744467859455347       0.32079593966756953                         3                27648   1.6165154396702127E-002   3.9330463191454786E-002
20260821173343.076+0000:P06:INFO :  *!  -0.98174770424681046       0.27484942190994277                         0                27648   6.2831853071795862        3.9330463191454786E-002
20260821173343.076+0000:P06:INFO :  *!  -0.98174770424681046       0.27484942190994277                         7                27648   6.5989813302029257E-002   7.8660926382909571E-002
20260821173343.076+0000:P06:INFO :  *!   -1.3744467859455347       0.19230024966714804                         2                27648   3.2887874943788607E-002   3.9330463191454786E-002
20260821173343.076+0000:P06:INFO :  *!  -0.98174770424681046       0.16376736789558688                         0                27648   6.2831853071795862        3.9330463191454786E-002
20260821173343.076+0000:P06:INFO :  *!  -0.98174770424681046       0.16376736789558688                         8                27648   4.6676213178027497E-002   7.8660926382909571E-002
20260821173343.076+0000:P06:INFO :  *!   -1.3744467859455347        6.4070013802502407E-002                    5                27648   1.8909769237777787E-002   3.9330463191454786E-002
20260821173343.076+0000:P06:INFO :  *!   -1.3744467859455347      -0.19230024966714790                         4                27648   1.7473907641053530E-002   3.9330463191454786E-002
20260821173343.076+0000:P06:INFO :  *!   -1.3744467859455347      -0.32079593966756947                         0                27648   6.2831853071795862        3.9330463191454786E-002
20260821173343.076+0000:P06:INFO :  *!   -1.3744467859455347      -0.32079593966756947                         5                27648   6.7196979702089196E-002   7.8660926382909571E-002
20260821173343.076+0000:P06:INFO :  *!   -1.2435470920459599       0.69210978065022455                         7                27648   2.1049596373952612E-002   3.9330463191454786E-002
20260821173343.077+0000:P06:INFO :  *!   -1.1126473981463851       0.66569530229871510                         0                27648   6.2831853071795862        3.9330463191454786E-002
20260821173343.077+0000:P06:INFO :  *!   -1.1126473981463851       0.66569530229871510                         0                27648   6.2831853071795862        7.8660926382909571E-002
20260821173343.077+0000:P06:INFO :  *!   -1.1126473981463851       0.66569530229871510                        13                27648   8.7858061641716986E-002  0.11799138957436436
20260821173343.077+0000:P06:INFO :  *!   -1.5053464798451093       0.45646370614054776                         0                27648   6.2831853071795862        3.9330463191454786E-002
20260821173343.077+0000:P06:INFO :  *!   -1.5053464798451093       0.45646370614054776                        24                27648   4.5692902201306874E-002   7.8660926382909571E-002
20260821173343.077+0000:P06:INFO :  *!   -1.5053464798451093       0.32595711196908250                         4                27648   1.8262576359222411E-002   3.9330463191454786E-002
20260821173343.077+0000:P06:INFO :  *!   -1.5053464798451093       0.19553771956370794                         6                27648   1.8975472821698588E-002   3.9330463191454786E-002
20260821173343.077+0000:P06:INFO :  *!  -0.85084801034723578       0.14840098551998115                         0                27648   6.2831853071795862        3.9330463191454786E-002
20260821173343.077+0000:P06:INFO :  *!  -0.85084801034723578       0.14840098551998115                         2                27648   6.9966241075920074E-002   7.8660926382909571E-002
20260821173343.077+0000:P06:INFO :  *!  -0.85084801034723578        4.9223612664117608E-002                    2                27648   2.3226742287868779E-002   3.9330463191454786E-002
20260821173343.077+0000:P06:INFO :  *!   -1.5053464798451093       -6.5173027613957213E-002                    0                27648   6.2831853071795862        3.9330463191454786E-002
20260821173343.077+0000:P06:INFO :  *!   -1.5053464798451093       -6.5173027613957213E-002                    1                27648   7.3144735054674906E-002   7.8660926382909571E-002
20260821173343.077+0000:P06:INFO :  *!  -0.98174770424681035      -0.62943859141459269                         5                27648   1.5318977724404645E-002   3.9330463191454786E-002
20260821173343.077+0000:P06:INFO :  *!  -0.85084801034723578      -0.58253043722169640                         0                27648   6.2831853071795862        3.9330463191454786E-002
20260821173343.077+0000:P06:INFO :  *!  -0.85084801034723578      -0.58253043722169640                        11                27648   4.1283513563745475E-002   7.8660926382909571E-002
20260821173343.077+0000:P06:INFO : Number of adjusted points = 14
20260821173343.077+0000:P06:INFO :  *!   -1.1126473981463851       0.17631251294357772                         5                27648   1.8503984617988762E-002   3.9330463191454786E-002
20260821173343.077+0000:P06:INFO :  *!   -1.2435470920459599      -0.31050440137787949                         5                27648   1.6623585990992326E-002   3.9330463191454786E-002
20260821173343.077+0000:P06:INFO :  *!   -1.3744467859455347       0.57919786231445458                         5                27648   1.3739224828988799E-002   3.9330463191454786E-002
20260821173343.077+0000:P06:INFO :  *!  -0.98174770424681046        5.4398448961857720E-002                    0                27648   6.2831853071795862        3.9330463191454786E-002
20260821173343.077+0000:P06:INFO :  *!  -0.98174770424681046        5.4398448961857720E-002                    7                27648   4.6717214295756100E-002   7.8660926382909571E-002
20260821173343.077+0000:P06:INFO :  *!   -1.3744467859455347       -6.4070013802502351E-002                    1                27648   1.8909769237777787E-002   3.9330463191454786E-002
20260821173343.077+0000:P06:INFO :  *!   -1.2435470920459599      -0.56331209008260097                         4                27648   1.5526310483353600E-002   3.9330463191454786E-002
20260821173343.078+0000:P06:INFO :  *!   -1.5053464798451093       0.71783810359404177                         5                27648   1.7878560911026103E-002   3.9330463191454786E-002
20260821173343.078+0000:P06:INFO :  *!   -1.3744467859455347       0.70933907161675269                         3                27648   2.4784724577669524E-002   3.9330463191454786E-002
20260821173343.078+0000:P06:INFO :  *!   -1.5053464798451093       0.58708428778920063                         0                27648   6.2831853071795862        3.9330463191454786E-002
20260821173343.078+0000:P06:INFO :  *!   -1.5053464798451093       0.58708428778920063                        12                27648   5.4371504895994620E-002   7.8660926382909571E-002
20260821173343.078+0000:P06:INFO :  *!  -0.85084801034723578       -4.9223612664117566E-002                    2                27648   4.1659548422869994E-002   3.9330463191454786E-002
20260821173343.078+0000:P06:INFO :  *!  -0.85084801034723578       -4.9223612664117566E-002                    0                27648   4.1659548422869994E-002   4.3742525844013495E-002
20260821173343.078+0000:P06:INFO :  *!  -0.85084801034723578      -0.35488586242666031                         0                27648   6.2831853071795862        3.9330463191454786E-002
20260821173343.078+0000:P06:INFO :  *!  -0.85084801034723578      -0.35488586242666031                         5                27648   6.6726530908818679E-002   7.8660926382909571E-002
20260821173343.078+0000:P06:INFO :  *!  -0.85084801034723567      -0.46527147841860278                         4                27648   1.5091701690123022E-002   3.9330463191454786E-002
20260821173343.078+0000:P06:INFO :  *!   -1.2435470920459599      -0.69210978065022455                         5                27648   3.8181180228698187E-002   3.9330463191454786E-002
20260821173343.078+0000:P06:INFO :  *!   -1.1126473981463851      -0.66569530229871510                         2                27648   2.5024785559904852E-002   3.9330463191454786E-002
20260821173343.078+0000:P06:S1:INFO :  Regrid fields for forecast time:    451416.00000000000      ... where current xios date is: 2009-03-01 01:00:00
20260821173343.078+0000:P06:S1:INFO : Will process 38 fields
20260821173343.078+0000:P06:S1:INFO : Processing/regrid STASH code: 2
20260821173343.078+0000:P06:S1:INFO : LFRic field name: ew_wind
20260821173343.094+0000:P06:S1:INFO : Fill LFRic field object with regridded data
20260821173343.094+0000:P06:S1:INFO : Processing/regrid STASH code: 3
20260821173343.094+0000:P06:S1:INFO : LFRic field name: ns_wind
20260821173343.104+0000:P06:S1:INFO : Fill LFRic field object with regridded data
20260821173343.104+0000:P06:S1:INFO : Processing/regrid STASH code: 150
20260821173343.104+0000:P06:S1:INFO : LFRic field name: upward_wind
20260821173343.121+0000:P06:S1:INFO : Fill LFRic field object with regridded data
20260821173343.122+0000:P06:S1:INFO : Processing/regrid STASH code: 4
20260821173343.122+0000:P06:S1:INFO : LFRic field name: theta
20260821173343.138+0000:P06:S1:INFO : Fill LFRic field object with regridded data
20260821173343.139+0000:P06:S1:INFO : Processing/regrid STASH code: 389
20260821173343.139+0000:P06:S1:INFO : LFRic field name: rho
20260821173343.238+0000:P06:S1:INFO : Fill LFRic field object with regridded data
20260821173343.238+0000:P06:S1:INFO : Processing/regrid STASH code: 391
20260821173343.238+0000:P06:S1:INFO : LFRic field name: m_v
20260821173343.251+0000:P06:S1:INFO : Fill LFRic field object with regridded data
20260821173343.251+0000:P06:S1:INFO : Processing/regrid STASH code: 392
20260821173343.251+0000:P06:S1:INFO : LFRic field name: m_cl
20260821173343.262+0000:P06:S1:INFO : Fill LFRic field object with regridded data
20260821173343.262+0000:P06:S1:INFO : Processing/regrid STASH code: 393
20260821173343.262+0000:P06:S1:INFO : LFRic field name: m_cf
20260821173343.269+0000:P06:S1:INFO : Fill LFRic field object with regridded data
20260821173343.269+0000:P06:S1:INFO : Processing/regrid STASH code: 394
20260821173343.269+0000:P06:S1:INFO : LFRic field name: m_r
20260821173343.277+0000:P06:S1:INFO : Fill LFRic field object with regridded data
20260821173343.277+0000:P06:S1:INFO : Processing/regrid STASH code: 265
20260821173343.277+0000:P06:S1:INFO : LFRic field name: area_fraction
20260821173343.288+0000:P06:S1:INFO : Adding bottom level for stashcode: 265
20260821173343.288+0000:P06:S1:INFO : Fill LFRic field object with regridded data
20260821173343.288+0000:P06:S1:INFO : Processing/regrid STASH code: 266
20260821173343.288+0000:P06:S1:INFO : LFRic field name: bulk_fraction
20260821173343.299+0000:P06:S1:INFO : Fill LFRic field object with regridded data
20260821173343.299+0000:P06:S1:INFO : Processing/regrid STASH code: 267
20260821173343.299+0000:P06:S1:INFO : LFRic field name: liquid_fraction
20260821173343.309+0000:P06:S1:INFO : Fill LFRic field object with regridded data
20260821173343.309+0000:P06:S1:INFO : Processing/regrid STASH code: 268
20260821173343.309+0000:P06:S1:INFO : LFRic field name: frozen_fraction
20260821173343.317+0000:P06:S1:INFO : Fill LFRic field object with regridded data
20260821173343.317+0000:P06:S1:INFO : Processing/regrid STASH code: 25
20260821173343.317+0000:P06:S1:INFO : LFRic field name: zh
20260821173343.318+0000:P06:S1:INFO : Fill LFRic field object with regridded data
20260821173343.318+0000:P06:S1:INFO : Processing/regrid STASH code: 26
20260821173343.318+0000:P06:S1:INFO : LFRic field name: z0msea
20260821173343.320+0000:P06:S1:INFO : Fill LFRic field object with regridded data
20260821173343.320+0000:P06:S1:INFO : Processing/regrid STASH code: 493
20260821173343.320+0000:P06:S1:INFO : LFRic field name: dd_mf_cb
20260821173343.321+0000:P06:S1:INFO : Fill LFRic field object with regridded data
20260821173343.321+0000:P06:S1:INFO : Processing/regrid STASH code: 240
20260821173343.321+0000:P06:S1:INFO : LFRic field name: tile_snow_mass
20260821173343.322+0000:P06:S1:INFO : Will use nearest neigbour interpolation for stashcode:  240
20260821173343.322+0000:P06:S1:INFO : Fill LFRic field object with regridded data
20260821173343.322+0000:P06:S1:INFO : Processing/regrid STASH code: 380
20260821173343.322+0000:P06:S1:INFO : LFRic field name: tile_n_snow_layers
20260821173343.324+0000:P06:S1:INFO : Will use nearest neigbour interpolation for stashcode:  380
20260821173343.324+0000:P06:S1:INFO : Fill LFRic field object with regridded data
20260821173343.324+0000:P06:S1:INFO : Processing/regrid STASH code: 376
20260821173343.324+0000:P06:S1:INFO : LFRic field name: tile_snow_depth
20260821173343.325+0000:P06:S1:INFO : Will use nearest neigbour interpolation for stashcode:  376
20260821173343.325+0000:P06:S1:INFO : Fill LFRic field object with regridded data
20260821173343.325+0000:P06:S1:INFO : Processing/regrid STASH code: 231
20260821173343.325+0000:P06:S1:INFO : LFRic field name: tile_snow_rgrain
20260821173343.326+0000:P06:S1:INFO : Will use nearest neigbour interpolation for stashcode:  231
20260821173343.326+0000:P06:S1:INFO : Fill LFRic field object with regridded data
20260821173343.326+0000:P06:S1:INFO : Processing/regrid STASH code: 221
20260821173343.326+0000:P06:S1:INFO : LFRic field name: snow_soot
20260821173343.327+0000:P06:S1:INFO : Will use nearest neigbour interpolation for stashcode:  221
20260821173343.327+0000:P06:S1:INFO : Fill LFRic field object with regridded data
20260821173343.327+0000:P06:S1:INFO : Processing/regrid STASH code: 242
20260821173343.327+0000:P06:S1:INFO : LFRic field name: tile_snow_under_canopy
20260821173343.329+0000:P06:S1:INFO : Will use nearest neigbour interpolation for stashcode:  242
20260821173343.329+0000:P06:S1:INFO : Fill LFRic field object with regridded data
20260821173343.329+0000:P06:S1:INFO : Processing/regrid STASH code: 377
20260821173343.329+0000:P06:S1:INFO : LFRic field name: tile_snowpack_density
20260821173343.330+0000:P06:S1:INFO : Will use nearest neigbour interpolation for stashcode:  377
20260821173343.330+0000:P06:S1:INFO : Fill LFRic field object with regridded data
20260821173343.330+0000:P06:S1:INFO : Processing/regrid STASH code: 383
20260821173343.330+0000:P06:S1:INFO : LFRic field name: tile_snow_layer_liq_mass
20260821173343.332+0000:P06:S1:INFO : Will use nearest neigbour interpolation for stashcode:  383
20260821173343.332+0000:P06:S1:INFO : Reordering snow layers for stashcode: 383
20260821173343.333+0000:P06:S1:INFO : Fill LFRic field object with regridded data
20260821173343.333+0000:P06:S1:INFO : Processing/regrid STASH code: 382
20260821173343.333+0000:P06:S1:INFO : LFRic field name: tile_snow_layer_ice_mass
20260821173343.335+0000:P06:S1:INFO : Will use nearest neigbour interpolation for stashcode:  382
20260821173343.335+0000:P06:S1:INFO : Reordering snow layers for stashcode: 382
20260821173343.335+0000:P06:S1:INFO : Fill LFRic field object with regridded data
20260821173343.335+0000:P06:S1:INFO : Processing/regrid STASH code: 386
20260821173343.335+0000:P06:S1:INFO : LFRic field name: tile_snow_layer_rgrain
20260821173343.337+0000:P06:S1:INFO : Will use nearest neigbour interpolation for stashcode:  386
20260821173343.337+0000:P06:S1:INFO : Reordering snow layers for stashcode: 386
20260821173343.337+0000:P06:S1:INFO : Fill LFRic field object with regridded data
20260821173343.338+0000:P06:S1:INFO : Processing/regrid STASH code: 381
20260821173343.338+0000:P06:S1:INFO : LFRic field name: tile_snow_layer_thickness
20260821173343.340+0000:P06:S1:INFO : Will use nearest neigbour interpolation for stashcode:  381
20260821173343.340+0000:P06:S1:INFO : Reordering snow layers for stashcode: 381
20260821173343.340+0000:P06:S1:INFO : Fill LFRic field object with regridded data
20260821173343.340+0000:P06:S1:INFO : Processing/regrid STASH code: 384
20260821173343.340+0000:P06:S1:INFO : LFRic field name: tile_snow_layer_temp
20260821173343.343+0000:P06:S1:INFO : Will use nearest neigbour interpolation for stashcode:  384
20260821173343.343+0000:P06:S1:INFO : Reordering snow layers for stashcode: 384
20260821173343.343+0000:P06:S1:INFO : Fill LFRic field object with regridded data
20260821173343.343+0000:P06:S1:INFO : Processing/regrid STASH code: 9
20260821173343.343+0000:P06:S1:INFO : LFRic field name: soil_moisture
20260821173343.344+0000:P06:S1:INFO : Fill LFRic field object with regridded data
20260821173343.344+0000:P06:S1:INFO : Processing/regrid STASH code: 20
20260821173343.344+0000:P06:S1:INFO : LFRic field name: soil_temperature
20260821173343.345+0000:P06:S1:INFO : Fill LFRic field object with regridded data
20260821173343.345+0000:P06:S1:INFO : Processing/regrid STASH code: 279
20260821173343.345+0000:P06:S1:INFO : LFRic field name: soil_sat_frac
20260821173343.346+0000:P06:S1:INFO : Fill LFRic field object with regridded data
20260821173343.346+0000:P06:S1:INFO : Processing/regrid STASH code: 278
20260821173343.346+0000:P06:S1:INFO : LFRic field name: water_table
20260821173343.347+0000:P06:S1:INFO : Fill LFRic field object with regridded data
20260821173343.347+0000:P06:S1:INFO : Processing/regrid STASH code: 281
20260821173343.347+0000:P06:S1:INFO : LFRic field name: wetness_under_soil
20260821173343.347+0000:P06:S1:INFO : Fill LFRic field object with regridded data
