20260821173342.839+0000:P05:INFO : Runtime message logging severity set to log level: INFO
20260821173342.839+0000:P05:INFO : total ranks = 12, local_rank = 5
20260821173342.839+0000:P05:INFO : Initialising mesh
20260821173342.840+0000:P05:INFO : Reading global mesh: "dynamics"
20260821173342.848+0000:P05:INFO : Using auto decomposition
20260821173342.848+0000:P05:INFO : Number of cells in partition 12 X 6
20260821173342.858+0000:P05:INFO :    ... "dynamics"(id:1) based on mesh "dynamics"
20260821173342.858+0000:P05:INFO :    ... "dynamics_2d"(id:2) based on mesh "dynamics"
20260821173342.858+0000:P05:INFO : Creating function spaces and chi
20260821173342.858+0000:P05:INFO : FEM specifics: creating function spaces...
20260821173342.915+0000:P05:INFO : FEM specifics created
20260821173342.940+0000:P05:WARN : Frequency for file [lfric_checkpoint_write] defined in both LFRic and XIOS, defaulting to XIOS iodef.xml value
20260821173343.036+0000:P05:INFO : Creating lfric finite difference fields ...
20260821173343.036+0000:P05:INFO : Add ew_wind to field collection
20260821173343.036+0000:P05:INFO : Added
20260821173343.036+0000:P05:INFO : Add ns_wind to field collection
20260821173343.036+0000:P05:INFO : Added
20260821173343.036+0000:P05:INFO : Add upward_wind to field collection
20260821173343.036+0000:P05:INFO : Added
20260821173343.036+0000:P05:INFO : Add theta to field collection
20260821173343.037+0000:P05:INFO : Added
20260821173343.037+0000:P05:INFO : Add rho to field collection
20260821173343.037+0000:P05:INFO : Added
20260821173343.037+0000:P05:INFO : Add m_v to field collection
20260821173343.037+0000:P05:INFO : Added
20260821173343.037+0000:P05:INFO : Add m_cl to field collection
20260821173343.037+0000:P05:INFO : Added
20260821173343.037+0000:P05:INFO : Add m_cf to field collection
20260821173343.037+0000:P05:INFO : Added
20260821173343.037+0000:P05:INFO : Add m_r to field collection
20260821173343.037+0000:P05:INFO : Added
20260821173343.037+0000:P05:INFO : Add area_fraction to field collection
20260821173343.037+0000:P05:INFO : Added
20260821173343.037+0000:P05:INFO : Add bulk_fraction to field collection
20260821173343.037+0000:P05:INFO : Added
20260821173343.037+0000:P05:INFO : Add liquid_fraction to field collection
20260821173343.037+0000:P05:INFO : Added
20260821173343.037+0000:P05:INFO : Add frozen_fraction to field collection
20260821173343.037+0000:P05:INFO : Added
20260821173343.037+0000:P05:INFO : Add zh to field collection
20260821173343.037+0000:P05:INFO : Added
20260821173343.037+0000:P05:INFO : Add z0msea to field collection
20260821173343.037+0000:P05:INFO : Added
20260821173343.037+0000:P05:INFO : Add dd_mf_cb to field collection
20260821173343.037+0000:P05:INFO : Added
20260821173343.037+0000:P05:INFO : Add tile_snow_mass to field collection
20260821173343.037+0000:P05:INFO : Added
20260821173343.037+0000:P05:INFO : Add tile_n_snow_layers to field collection
20260821173343.037+0000:P05:INFO : Added
20260821173343.037+0000:P05:INFO : Add tile_snow_depth to field collection
20260821173343.037+0000:P05:INFO : Added
20260821173343.037+0000:P05:INFO : Add tile_snow_rgrain to field collection
20260821173343.037+0000:P05:INFO : Added
20260821173343.037+0000:P05:INFO : Add snow_soot to field collection
20260821173343.037+0000:P05:INFO : Added
20260821173343.037+0000:P05:INFO : Add tile_snow_under_canopy to field collection
20260821173343.037+0000:P05:INFO : Added
20260821173343.037+0000:P05:INFO : Add tile_snowpack_density to field collection
20260821173343.037+0000:P05:INFO : Added
20260821173343.037+0000:P05:INFO : Add tile_snow_layer_liq_mass to field collection
20260821173343.037+0000:P05:INFO : Added
20260821173343.037+0000:P05:INFO : Add tile_snow_layer_ice_mass to field collection
20260821173343.037+0000:P05:INFO : Added
20260821173343.037+0000:P05:INFO : Add tile_snow_layer_rgrain to field collection
20260821173343.037+0000:P05:INFO : Added
20260821173343.037+0000:P05:INFO : Add tile_snow_layer_thickness to field collection
20260821173343.038+0000:P05:INFO : Added
20260821173343.038+0000:P05:INFO : Add tile_snow_layer_temp to field collection
20260821173343.039+0000:P05:INFO : Added
20260821173343.039+0000:P05:INFO : Add soil_moisture to field collection
20260821173343.039+0000:P05:INFO : Added
20260821173343.039+0000:P05:INFO : Add soil_temperature to field collection
20260821173343.039+0000:P05:INFO : Added
20260821173343.039+0000:P05:INFO : Add soil_sat_frac to field collection
20260821173343.039+0000:P05:INFO : Added
20260821173343.039+0000:P05:INFO : Add water_table to field collection
20260821173343.039+0000:P05:INFO : Added
20260821173343.039+0000:P05:INFO : Add wetness_under_soil to field collection
20260821173343.039+0000:P05:INFO : Added
20260821173343.039+0000:P05:INFO : Add surface_conductance to field collection
20260821173343.039+0000:P05:INFO : Added
20260821173343.039+0000:P05:INFO : Add tile_canopy_water to field collection
20260821173343.039+0000:P05:INFO : Added
20260821173343.039+0000:P05:INFO : Add tile_temperature to field collection
20260821173343.039+0000:P05:INFO : Added
20260821173343.039+0000:P05:INFO : Add tstar_sea_ice to field collection
20260821173343.039+0000:P05:INFO : Added
20260821173343.039+0000:P05:INFO : Add sea_ice_temperature to field collection
20260821173343.039+0000:P05:INFO : Added
20260821173343.039+0000:P05:INFO : ... Done creating finite difference fields
20260821173343.039+0000:P05:INFO : Create ancil fields: Setting up ancil field collection
20260821173343.039+0000:P05:INFO : Create land area fraction ancil
20260821173343.039+0000:P05:INFO : Creating new field for land_area_fraction
20260821173343.039+0000:P05:INFO : Loading weights file: weights_file_p_to_face_centre_bilinear.nc
20260821173343.044+0000:P05:INFO : Allocated remap_matrix(num_wgts = 1 , num_links = 3456 )
20260821173343.045+0000:P05:INFO : Loading weights file: weights_file_p_to_face_centre_neareststod.nc
20260821173343.047+0000:P05:INFO : Allocated remap_matrix(num_wgts = 1 , num_links = 864 )
20260821173343.047+0000:P05:INFO : Loading weights file: weights_file_u_to_face_centre_bilinear.nc
20260821173343.048+0000:P05:INFO : Allocated remap_matrix(num_wgts = 1 , num_links = 3456 )
20260821173343.049+0000:P05:INFO : Loading weights file: weights_file_v_to_face_centre_bilinear.nc
20260821173343.050+0000:P05:INFO : Allocated remap_matrix(num_wgts = 1 , num_links = 3456 )
20260821173343.051+0000:P05:INFO : Loading weights file: weights_file_p_to_face_centre_neareststod.nc
20260821173343.052+0000:P05:INFO : Allocated remap_matrix(num_wgts = 1 , num_links = 864 )
20260821173343.052+0000:P05:INFO : Maximum base dof index = 127
20260821173343.076+0000:P05:INFO : Number of adjusted points = 16
20260821173343.076+0000:P05:INFO :  *!  -0.32724923474893680       0.43620284747060145                         0                27648   6.2831853071795862        3.9330463191454786E-002
20260821173343.076+0000:P05:INFO :  *!  -0.32724923474893680       0.43620284747060145                        17                27648   4.5884952861740345E-002   7.8660926382909571E-002
20260821173343.076+0000:P05:INFO :  *!  -0.45814892864851153       0.29515015288469326                         1                27648   1.5668901044323592E-002   3.9330463191454786E-002
20260821173343.076+0000:P05:INFO :  *!  -0.32724923474893686       0.31050440137787955                         0                27648   6.2831853071795862        3.9330463191454786E-002
20260821173343.076+0000:P05:INFO :  *!  -0.32724923474893686       0.31050440137787955                        19                27648   4.7058848814929020E-002   7.8660926382909571E-002
20260821173343.076+0000:P05:INFO :  *!  -0.32724923474893686       0.56331209008260108                         1                27648   2.0235041845942270E-002   3.9330463191454786E-002
20260821173343.076+0000:P05:INFO :  *!  -0.19634954084936213       0.57919786231445469                         1                27648   2.6711762528804410E-002   3.9330463191454786E-002
20260821173343.076+0000:P05:INFO :  *!   0.19634954084936201       0.57919786231445469                         5                27648   1.3739224828996879E-002   3.9330463191454786E-002
20260821173343.076+0000:P05:INFO :  *!   0.32724923474893675       0.56331209008260119                         4                27648   1.5526310483346449E-002   3.9330463191454786E-002
20260821173343.076+0000:P05:INFO :  *!  -0.45814892864851153       0.17631251294357772                         0                27648   6.2831853071795862        3.9330463191454786E-002
20260821173343.076+0000:P05:INFO :  *!  -0.45814892864851153       0.17631251294357772                         2                27648   7.6272711785749847E-002   7.8660926382909571E-002
20260821173343.077+0000:P05:INFO :  *!  -0.32724923474893680       0.18586494501657122                         0                27648   6.2831853071795862        3.9330463191454786E-002
20260821173343.077+0000:P05:INFO :  *!  -0.32724923474893680       0.18586494501657122                         5                27648   4.8245558214065877E-002   7.8660926382909571E-002
20260821173343.077+0000:P05:INFO :  *!  -0.58904862254808621       0.62943859141459257                         0                27648   6.2831853071795862        3.9330463191454786E-002
20260821173343.077+0000:P05:INFO :  *!  -0.58904862254808621       0.62943859141459257                         2                27648   6.9609448712980374E-002   7.8660926382909571E-002
20260821173343.077+0000:P05:INFO :  *!  -0.45814892864851153       0.66569530229871499                         4                27648   1.2873508988806301E-002   3.9330463191454786E-002
20260821173343.077+0000:P05:INFO :  *!  -0.19634954084936213       0.70933907161675269                         4                27648   2.5419538483188595E-002   3.9330463191454786E-002
20260821173343.077+0000:P05:INFO :  *!    6.5449846949787338E-002  0.71783810359404177                        12                27648   1.5181108937356582E-002   3.9330463191454786E-002
20260821173343.077+0000:P05:INFO :  *!  -0.19634954084936213        6.4070013802502407E-002                    1                27648   3.7803177365832365E-002   3.9330463191454786E-002
20260821173343.077+0000:P05:INFO :  *!   -6.5449846949787394E-002   6.5173027613957268E-002                    3                27648   1.9786254840571640E-002   3.9330463191454786E-002
20260821173343.077+0000:P05:INFO :  *!    6.5449846949787338E-002   6.5173027613957268E-002                    2                27648   1.9786254840571640E-002   3.9330463191454786E-002
20260821173343.077+0000:P05:INFO : Number of adjusted points = 16
20260821173343.077+0000:P05:INFO :  *!  -0.19634954084936213       0.44971693522195577                         0                27648   6.2831853071795862        3.9330463191454786E-002
20260821173343.077+0000:P05:INFO :  *!  -0.19634954084936213       0.44971693522195577                        16                27648   4.3664524880357734E-002   7.8660926382909571E-002
20260821173343.077+0000:P05:INFO :  *!   -6.5449846949787394E-002  0.58708428778920063                         2                27648   3.7209732683611808E-002   3.9330463191454786E-002
20260821173343.077+0000:P05:INFO :  *!    6.5449846949787338E-002  0.58708428778920063                         0                27648   6.2831853071795862        3.9330463191454786E-002
20260821173343.077+0000:P05:INFO :  *!    6.5449846949787338E-002  0.58708428778920063                        14                27648   5.3237455806463066E-002   7.8660926382909571E-002
20260821173343.077+0000:P05:INFO :  *!   0.45814892864851142       0.53921565969234631                         5                27648   1.4827951111181742E-002   3.9330463191454786E-002
20260821173343.077+0000:P05:INFO :  *!   0.58904862254808610       0.50663119562931103                         7                27648   1.5515003928491712E-002   3.9330463191454786E-002
20260821173343.077+0000:P05:INFO :  *!   0.58904862254808610       0.38877293697296245                         1                27648   3.9610828636569541E-002   3.9330463191454786E-002
20260821173343.078+0000:P05:INFO :  *!   0.58904862254808610       0.38877293697296245                         0                27648   3.9610828636569541E-002   4.1591370068398019E-002
20260821173343.078+0000:P05:INFO :  *!  -0.19634954084936213       0.19230024966714804                         0                27648   6.2831853071795862        3.9330463191454786E-002
20260821173343.078+0000:P05:INFO :  *!  -0.19634954084936213       0.19230024966714804                         7                27648   4.8699625561486021E-002   7.8660926382909571E-002
20260821173343.078+0000:P05:INFO :  *!    6.5449846949787338E-002  0.19553771956370794                         0                27648   6.2831853071795862        3.9330463191454786E-002
20260821173343.078+0000:P05:INFO :  *!    6.5449846949787338E-002  0.19553771956370794                         2                27648   7.7254360841360142E-002   7.8660926382909571E-002
20260821173343.078+0000:P05:INFO :  *!   -6.5449846949787394E-002  0.71783810359404177                         5                27648   3.6887681502949521E-002   3.9330463191454786E-002
20260821173343.078+0000:P05:INFO :  *!   0.71994831644766100       0.46527147841860295                         0                27648   6.2831853071795862        3.9330463191454786E-002
20260821173343.078+0000:P05:INFO :  *!   0.71994831644766100       0.46527147841860295                         7                27648   5.9579793377845053E-002   7.8660926382909571E-002
20260821173343.078+0000:P05:INFO :  *!   0.71994831644766100       0.35488586242666043                         4                27648   1.6150769936285347E-002   3.9330463191454786E-002
20260821173343.078+0000:P05:INFO :  *!   0.71994831644766100       0.24978353187218155                         5                27648   1.5891057236868501E-002   3.9330463191454786E-002
20260821173343.078+0000:P05:INFO :  *!   0.71994831644766100       0.14840098551998115                         0                27648   6.2831853071795862        3.9330463191454786E-002
20260821173343.078+0000:P05:INFO :  *!   0.71994831644766100       0.14840098551998115                         2                27648   6.0948599461049073E-002   7.8660926382909571E-002
20260821173343.078+0000:P05:INFO :  *!   0.19634954084936201        6.4070013802502407E-002                    3                27648   1.8909769237777787E-002   3.9330463191454786E-002
20260821173343.078+0000:P05:INFO :  *!   0.58904862254808610        5.4398448961857720E-002                    0                27648   6.2831853071795862        3.9330463191454786E-002
20260821173343.078+0000:P05:INFO :  *!   0.58904862254808610        5.4398448961857720E-002                    5                27648   4.6462833208977615E-002   7.8660926382909571E-002
20260821173343.078+0000:P05:INFO :  *!   0.71994831644766100        4.9223612664117608E-002                    1                27648   4.1659548422869994E-002   3.9330463191454786E-002
20260821173343.078+0000:P05:INFO :  *!   0.71994831644766100        4.9223612664117608E-002                    0                27648   4.1659548422869994E-002   4.3742525844013495E-002
20260821173343.078+0000:P05:S1:INFO :  Regrid fields for forecast time:    451416.00000000000      ... where current xios date is: 2009-03-01 01:00:00
20260821173343.079+0000:P05:S1:INFO : Will process 38 fields
20260821173343.079+0000:P05:S1:INFO : Processing/regrid STASH code: 2
20260821173343.079+0000:P05:S1:INFO : LFRic field name: ew_wind
20260821173343.092+0000:P05:S1:INFO : Fill LFRic field object with regridded data
20260821173343.092+0000:P05:S1:INFO : Processing/regrid STASH code: 3
20260821173343.092+0000:P05:S1:INFO : LFRic field name: ns_wind
20260821173343.104+0000:P05:S1:INFO : Fill LFRic field object with regridded data
20260821173343.104+0000:P05:S1:INFO : Processing/regrid STASH code: 150
20260821173343.104+0000:P05:S1:INFO : LFRic field name: upward_wind
20260821173343.121+0000:P05:S1:INFO : Fill LFRic field object with regridded data
20260821173343.121+0000:P05:S1:INFO : Processing/regrid STASH code: 4
20260821173343.121+0000:P05:S1:INFO : LFRic field name: theta
20260821173343.139+0000:P05:S1:INFO : Fill LFRic field object with regridded data
20260821173343.139+0000:P05:S1:INFO : Processing/regrid STASH code: 389
20260821173343.139+0000:P05:S1:INFO : LFRic field name: rho
20260821173343.239+0000:P05:S1:INFO : Fill LFRic field object with regridded data
20260821173343.239+0000:P05:S1:INFO : Processing/regrid STASH code: 391
20260821173343.239+0000:P05:S1:INFO : LFRic field name: m_v
20260821173343.251+0000:P05:S1:INFO : Fill LFRic field object with regridded data
20260821173343.251+0000:P05:S1:INFO : Processing/regrid STASH code: 392
20260821173343.251+0000:P05:S1:INFO : LFRic field name: m_cl
20260821173343.262+0000:P05:S1:INFO : Fill LFRic field object with regridded data
20260821173343.262+0000:P05:S1:INFO : Processing/regrid STASH code: 393
20260821173343.262+0000:P05:S1:INFO : LFRic field name: m_cf
20260821173343.269+0000:P05:S1:INFO : Fill LFRic field object with regridded data
20260821173343.269+0000:P05:S1:INFO : Processing/regrid STASH code: 394
20260821173343.269+0000:P05:S1:INFO : LFRic field name: m_r
20260821173343.277+0000:P05:S1:INFO : Fill LFRic field object with regridded data
20260821173343.277+0000:P05:S1:INFO : Processing/regrid STASH code: 265
20260821173343.277+0000:P05:S1:INFO : LFRic field name: area_fraction
20260821173343.289+0000:P05:S1:INFO : Adding bottom level for stashcode: 265
20260821173343.289+0000:P05:S1:INFO : Fill LFRic field object with regridded data
20260821173343.289+0000:P05:S1:INFO : Processing/regrid STASH code: 266
20260821173343.289+0000:P05:S1:INFO : LFRic field name: bulk_fraction
20260821173343.299+0000:P05:S1:INFO : Fill LFRic field object with regridded data
20260821173343.299+0000:P05:S1:INFO : Processing/regrid STASH code: 267
20260821173343.299+0000:P05:S1:INFO : LFRic field name: liquid_fraction
20260821173343.309+0000:P05:S1:INFO : Fill LFRic field object with regridded data
20260821173343.309+0000:P05:S1:INFO : Processing/regrid STASH code: 268
20260821173343.309+0000:P05:S1:INFO : LFRic field name: frozen_fraction
20260821173343.317+0000:P05:S1:INFO : Fill LFRic field object with regridded data
20260821173343.317+0000:P05:S1:INFO : Processing/regrid STASH code: 25
20260821173343.317+0000:P05:S1:INFO : LFRic field name: zh
20260821173343.318+0000:P05:S1:INFO : Fill LFRic field object with regridded data
20260821173343.318+0000:P05:S1:INFO : Processing/regrid STASH code: 26
20260821173343.318+0000:P05:S1:INFO : LFRic field name: z0msea
20260821173343.318+0000:P05:S1:INFO : Fill LFRic field object with regridded data
20260821173343.318+0000:P05:S1:INFO : Processing/regrid STASH code: 493
20260821173343.318+0000:P05:S1:INFO : LFRic field name: dd_mf_cb
20260821173343.319+0000:P05:S1:INFO : Fill LFRic field object with regridded data
20260821173343.319+0000:P05:S1:INFO : Processing/regrid STASH code: 240
20260821173343.319+0000:P05:S1:INFO : LFRic field name: tile_snow_mass
20260821173343.320+0000:P05:S1:INFO : Will use nearest neigbour interpolation for stashcode:  240
20260821173343.321+0000:P05:S1:INFO : Fill LFRic field object with regridded data
20260821173343.321+0000:P05:S1:INFO : Processing/regrid STASH code: 380
20260821173343.321+0000:P05:S1:INFO : LFRic field name: tile_n_snow_layers
20260821173343.322+0000:P05:S1:INFO : Will use nearest neigbour interpolation for stashcode:  380
20260821173343.322+0000:P05:S1:INFO : Fill LFRic field object with regridded data
20260821173343.322+0000:P05:S1:INFO : Processing/regrid STASH code: 376
20260821173343.322+0000:P05:S1:INFO : LFRic field name: tile_snow_depth
20260821173343.323+0000:P05:S1:INFO : Will use nearest neigbour interpolation for stashcode:  376
20260821173343.323+0000:P05:S1:INFO : Fill LFRic field object with regridded data
20260821173343.323+0000:P05:S1:INFO : Processing/regrid STASH code: 231
20260821173343.323+0000:P05:S1:INFO : LFRic field name: tile_snow_rgrain
20260821173343.325+0000:P05:S1:INFO : Will use nearest neigbour interpolation for stashcode:  231
20260821173343.325+0000:P05:S1:INFO : Fill LFRic field object with regridded data
20260821173343.325+0000:P05:S1:INFO : Processing/regrid STASH code: 221
20260821173343.325+0000:P05:S1:INFO : LFRic field name: snow_soot
20260821173343.325+0000:P05:S1:INFO : Will use nearest neigbour interpolation for stashcode:  221
20260821173343.325+0000:P05:S1:INFO : Fill LFRic field object with regridded data
20260821173343.325+0000:P05:S1:INFO : Processing/regrid STASH code: 242
20260821173343.325+0000:P05:S1:INFO : LFRic field name: tile_snow_under_canopy
20260821173343.327+0000:P05:S1:INFO : Will use nearest neigbour interpolation for stashcode:  242
20260821173343.327+0000:P05:S1:INFO : Fill LFRic field object with regridded data
20260821173343.327+0000:P05:S1:INFO : Processing/regrid STASH code: 377
20260821173343.327+0000:P05:S1:INFO : LFRic field name: tile_snowpack_density
20260821173343.328+0000:P05:S1:INFO : Will use nearest neigbour interpolation for stashcode:  377
20260821173343.328+0000:P05:S1:INFO : Fill LFRic field object with regridded data
20260821173343.328+0000:P05:S1:INFO : Processing/regrid STASH code: 383
20260821173343.328+0000:P05:S1:INFO : LFRic field name: tile_snow_layer_liq_mass
20260821173343.333+0000:P05:S1:INFO : Will use nearest neigbour interpolation for stashcode:  383
20260821173343.333+0000:P05:S1:INFO : Reordering snow layers for stashcode: 383
20260821173343.333+0000:P05:S1:INFO : Fill LFRic field object with regridded data
20260821173343.333+0000:P05:S1:INFO : Processing/regrid STASH code: 382
20260821173343.333+0000:P05:S1:INFO : LFRic field name: tile_snow_layer_ice_mass
20260821173343.335+0000:P05:S1:INFO : Will use nearest neigbour interpolation for stashcode:  382
20260821173343.335+0000:P05:S1:INFO : Reordering snow layers for stashcode: 382
20260821173343.335+0000:P05:S1:INFO : Fill LFRic field object with regridded data
20260821173343.335+0000:P05:S1:INFO : Processing/regrid STASH code: 386
20260821173343.335+0000:P05:S1:INFO : LFRic field name: tile_snow_layer_rgrain
20260821173343.338+0000:P05:S1:INFO : Will use nearest neigbour interpolation for stashcode:  386
20260821173343.338+0000:P05:S1:INFO : Reordering snow layers for stashcode: 386
20260821173343.338+0000:P05:S1:INFO : Fill LFRic field object with regridded data
20260821173343.338+0000:P05:S1:INFO : Processing/regrid STASH code: 381
20260821173343.338+0000:P05:S1:INFO : LFRic field name: tile_snow_layer_thickness
20260821173343.342+0000:P05:S1:INFO : Will use nearest neigbour interpolation for stashcode:  381
20260821173343.342+0000:P05:S1:INFO : Reordering snow layers for stashcode: 381
20260821173343.342+0000:P05:S1:INFO : Fill LFRic field object with regridded data
20260821173343.342+0000:P05:S1:INFO : Processing/regrid STASH code: 384
20260821173343.342+0000:P05:S1:INFO : LFRic field name: tile_snow_layer_temp
20260821173343.344+0000:P05:S1:INFO : Will use nearest neigbour interpolation for stashcode:  384
20260821173343.344+0000:P05:S1:INFO : Reordering snow layers for stashcode: 384
20260821173343.344+0000:P05:S1:INFO : Fill LFRic field object with regridded data
20260821173343.344+0000:P05:S1:INFO : Processing/regrid STASH code: 9
20260821173343.344+0000:P05:S1:INFO : LFRic field name: soil_moisture
20260821173343.345+0000:P05:S1:INFO : Fill LFRic field object with regridded data
20260821173343.345+0000:P05:S1:INFO : Processing/regrid STASH code: 20
20260821173343.345+0000:P05:S1:INFO : LFRic field name: soil_temperature
20260821173343.346+0000:P05:S1:INFO : Fill LFRic field object with regridded data
20260821173343.346+0000:P05:S1:INFO : Processing/regrid STASH code: 279
20260821173343.346+0000:P05:S1:INFO : LFRic field name: soil_sat_frac
20260821173343.347+0000:P05:S1:INFO : Fill LFRic field object with regridded data
20260821173343.347+0000:P05:S1:INFO : Processing/regrid STASH code: 278
20260821173343.347+0000:P05:S1:INFO : LFRic field name: water_table
20260821173343.348+0000:P05:S1:INFO : Fill LFRic field object with regridded data
20260821173343.348+0000:P05:S1:INFO : Processing/regrid STASH code: 281
20260821173343.348+0000:P05:S1:INFO : LFRic field name: wetness_under_soil
20260821173343.349+0000:P05:S1:INFO : Fill LFRic field object with regridded data
20260821173343.349+0000:P05:S1:INFO : Processing/regrid STASH code: 213
20260821173343.349+0000:P05:S1:INFO : LFRic field name: surface_conductance
20260821173343.349+0000:P05:S1:INFO : Fill LFRic field object with regridded data
20260821173343.349+0000:P05:S1:INFO : Processing/regrid STASH code: 229
20260821173343.349+0000:P05:S1:INFO : LFRic field name: tile_canopy_water
