20260821173342.843+0000:P11:INFO : Runtime message logging severity set to log level: INFO
20260821173342.843+0000:P11:INFO : total ranks = 12, local_rank = 11
20260821173342.843+0000:P11:INFO : Initialising mesh
20260821173342.843+0000:P11:INFO : Reading global mesh: "dynamics"
20260821173342.849+0000:P11:INFO : Using auto decomposition
20260821173342.849+0000:P11:INFO : Number of cells in partition 12 X 6
20260821173342.857+0000:P11:INFO :    ... "dynamics"(id:1) based on mesh "dynamics"
20260821173342.858+0000:P11:INFO :    ... "dynamics_2d"(id:2) based on mesh "dynamics"
20260821173342.858+0000:P11:INFO : Creating function spaces and chi
20260821173342.858+0000:P11:INFO : FEM specifics: creating function spaces...
20260821173342.916+0000:P11:INFO : FEM specifics created
20260821173342.940+0000:P11:WARN : Frequency for file [lfric_checkpoint_write] defined in both LFRic and XIOS, defaulting to XIOS iodef.xml value
20260821173343.036+0000:P11:INFO : Creating lfric finite difference fields ...
20260821173343.036+0000:P11:INFO : Add ew_wind to field collection
20260821173343.036+0000:P11:INFO : Added
20260821173343.036+0000:P11:INFO : Add ns_wind to field collection
20260821173343.036+0000:P11:INFO : Added
20260821173343.036+0000:P11:INFO : Add upward_wind to field collection
20260821173343.036+0000:P11:INFO : Added
20260821173343.036+0000:P11:INFO : Add theta to field collection
20260821173343.037+0000:P11:INFO : Added
20260821173343.037+0000:P11:INFO : Add rho to field collection
20260821173343.037+0000:P11:INFO : Added
20260821173343.037+0000:P11:INFO : Add m_v to field collection
20260821173343.037+0000:P11:INFO : Added
20260821173343.037+0000:P11:INFO : Add m_cl to field collection
20260821173343.037+0000:P11:INFO : Added
20260821173343.037+0000:P11:INFO : Add m_cf to field collection
20260821173343.037+0000:P11:INFO : Added
20260821173343.037+0000:P11:INFO : Add m_r to field collection
20260821173343.037+0000:P11:INFO : Added
20260821173343.037+0000:P11:INFO : Add area_fraction to field collection
20260821173343.037+0000:P11:INFO : Added
20260821173343.037+0000:P11:INFO : Add bulk_fraction to field collection
20260821173343.037+0000:P11:INFO : Added
20260821173343.037+0000:P11:INFO : Add liquid_fraction to field collection
20260821173343.037+0000:P11:INFO : Added
20260821173343.037+0000:P11:INFO : Add frozen_fraction to field collection
20260821173343.037+0000:P11:INFO : Added
20260821173343.037+0000:P11:INFO : Add zh to field collection
20260821173343.037+0000:P11:INFO : Added
20260821173343.037+0000:P11:INFO : Add z0msea to field collection
20260821173343.037+0000:P11:INFO : Added
20260821173343.037+0000:P11:INFO : Add dd_mf_cb to field collection
20260821173343.037+0000:P11:INFO : Added
20260821173343.037+0000:P11:INFO : Add tile_snow_mass to field collection
20260821173343.037+0000:P11:INFO : Added
20260821173343.037+0000:P11:INFO : Add tile_n_snow_layers to field collection
20260821173343.037+0000:P11:INFO : Added
20260821173343.037+0000:P11:INFO : Add tile_snow_depth to field collection
20260821173343.037+0000:P11:INFO : Added
20260821173343.037+0000:P11:INFO : Add tile_snow_rgrain to field collection
20260821173343.037+0000:P11:INFO : Added
20260821173343.037+0000:P11:INFO : Add snow_soot to field collection
20260821173343.037+0000:P11:INFO : Added
20260821173343.037+0000:P11:INFO : Add tile_snow_under_canopy to field collection
20260821173343.037+0000:P11:INFO : Added
20260821173343.037+0000:P11:INFO : Add tile_snowpack_density to field collection
20260821173343.037+0000:P11:INFO : Added
20260821173343.037+0000:P11:INFO : Add tile_snow_layer_liq_mass to field collection
20260821173343.037+0000:P11:INFO : Added
20260821173343.037+0000:P11:INFO : Add tile_snow_layer_ice_mass to field collection
20260821173343.037+0000:P11:INFO : Added
20260821173343.037+0000:P11:INFO : Add tile_snow_layer_rgrain to field collection
20260821173343.037+0000:P11:INFO : Added
20260821173343.037+0000:P11:INFO : Add tile_snow_layer_thickness to field collection
20260821173343.037+0000:P11:INFO : Added
20260821173343.037+0000:P11:INFO : Add tile_snow_layer_temp to field collection
20260821173343.039+0000:P11:INFO : Added
20260821173343.039+0000:P11:INFO : Add soil_moisture to field collection
20260821173343.039+0000:P11:INFO : Added
20260821173343.039+0000:P11:INFO : Add soil_temperature to field collection
20260821173343.039+0000:P11:INFO : Added
20260821173343.039+0000:P11:INFO : Add soil_sat_frac to field collection
20260821173343.039+0000:P11:INFO : Added
20260821173343.039+0000:P11:INFO : Add water_table to field collection
20260821173343.039+0000:P11:INFO : Added
20260821173343.039+0000:P11:INFO : Add wetness_under_soil to field collection
20260821173343.039+0000:P11:INFO : Added
20260821173343.039+0000:P11:INFO : Add surface_conductance to field collection
20260821173343.039+0000:P11:INFO : Added
20260821173343.039+0000:P11:INFO : Add tile_canopy_water to field collection
20260821173343.039+0000:P11:INFO : Added
20260821173343.039+0000:P11:INFO : Add tile_temperature to field collection
20260821173343.039+0000:P11:INFO : Added
20260821173343.039+0000:P11:INFO : Add tstar_sea_ice to field collection
20260821173343.039+0000:P11:INFO : Added
20260821173343.039+0000:P11:INFO : Add sea_ice_temperature to field collection
20260821173343.039+0000:P11:INFO : Added
20260821173343.039+0000:P11:INFO : ... Done creating finite difference fields
20260821173343.039+0000:P11:INFO : Create ancil fields: Setting up ancil field collection
20260821173343.039+0000:P11:INFO : Create land area fraction ancil
20260821173343.039+0000:P11:INFO : Creating new field for land_area_fraction
20260821173343.039+0000:P11:INFO : Loading weights file: weights_file_p_to_face_centre_bilinear.nc
20260821173343.045+0000:P11:INFO : Allocated remap_matrix(num_wgts = 1 , num_links = 3456 )
20260821173343.045+0000:P11:INFO : Loading weights file: weights_file_p_to_face_centre_neareststod.nc
20260821173343.047+0000:P11:INFO : Allocated remap_matrix(num_wgts = 1 , num_links = 864 )
20260821173343.047+0000:P11:INFO : Loading weights file: weights_file_u_to_face_centre_bilinear.nc
20260821173343.049+0000:P11:INFO : Allocated remap_matrix(num_wgts = 1 , num_links = 3456 )
20260821173343.049+0000:P11:INFO : Loading weights file: weights_file_v_to_face_centre_bilinear.nc
20260821173343.051+0000:P11:INFO : Allocated remap_matrix(num_wgts = 1 , num_links = 3456 )
20260821173343.051+0000:P11:INFO : Loading weights file: weights_file_p_to_face_centre_neareststod.nc
20260821173343.052+0000:P11:INFO : Allocated remap_matrix(num_wgts = 1 , num_links = 864 )
20260821173343.053+0000:P11:INFO : Maximum base dof index = 139
20260821173343.076+0000:P11:INFO : Number of adjusted points = 32
20260821173343.076+0000:P11:INFO :  *!    2.6834437249412817       0.17631251294357772                         1                27648   3.8099169563321246E-002   3.9330463191454786E-002
20260821173343.076+0000:P11:INFO :  *!    2.8143434188408563       0.18586494501657119                         1                27648   2.6742544434942044E-002   3.9330463191454786E-002
20260821173343.076+0000:P11:INFO :  *!    2.6834437249412817        5.8640174666343900E-002                    0                27648   6.2831853071795862        3.9330463191454786E-002
20260821173343.076+0000:P11:INFO :  *!    2.6834437249412817        5.8640174666343900E-002                    3                27648   4.2767236477384944E-002   7.8660926382909571E-002
20260821173343.076+0000:P11:INFO :  *!    2.8143434188408563        6.1881036839013005E-002                    0                27648   6.2831853071795862        3.9330463191454786E-002
20260821173343.076+0000:P11:INFO :  *!    2.8143434188408563        6.1881036839013005E-002                    1                27648   7.5932996607745121E-002   7.8660926382909571E-002
20260821173343.076+0000:P11:INFO :  *!    2.6834437249412817       -5.8640174666343844E-002                    2                27648   1.6842567308385476E-002   3.9330463191454786E-002
20260821173343.076+0000:P11:INFO :  *!    2.8143434188408563       -6.1881036839012957E-002                    1                27648   3.9789752921462709E-002   3.9330463191454786E-002
20260821173343.076+0000:P11:INFO :  *!    2.8143434188408563       -6.1881036839012957E-002                    0                27648   3.9789752921462709E-002   4.1779240567535847E-002
20260821173343.076+0000:P11:INFO :  *!    2.6834437249412817      -0.17631251294357761                         3                27648   1.8503984617988762E-002   3.9330463191454786E-002
20260821173343.076+0000:P11:INFO :  *!    2.8143434188408563      -0.18586494501657111                         4                27648   1.6086862481455608E-002   3.9330463191454786E-002
20260821173343.077+0000:P11:INFO :  *!    2.8143434188408563      -0.31050440137787949                         0                27648   6.2831853071795862        3.9330463191454786E-002
20260821173343.077+0000:P11:INFO :  *!    2.8143434188408563      -0.31050440137787949                         6                27648   6.7789209670662404E-002   7.8660926382909571E-002
20260821173343.077+0000:P11:INFO :  *!    2.6834437249412817      -0.41589243193055042                         2                27648   1.7718100717903144E-002   3.9330463191454786E-002
20260821173343.077+0000:P11:INFO :  *!    2.8143434188408563      -0.43620284747060134                         0                27648   6.2831853071795862        3.9330463191454786E-002
20260821173343.077+0000:P11:INFO :  *!    2.8143434188408563      -0.43620284747060134                         5                27648   7.0627957631909821E-002   7.8660926382909571E-002
20260821173343.077+0000:P11:INFO :  *!    2.5525440310417067       0.27484942190994277                         2                27648   1.5897968236928243E-002   3.9330463191454786E-002
20260821173343.077+0000:P11:INFO :  *!    2.5525440310417067       0.16376736789558688                         1                27648   2.7271433641812330E-002   3.9330463191454786E-002
20260821173343.077+0000:P11:INFO :  *!    2.9452431127404313       0.19230024966714801                         5                27648   1.7473907641053530E-002   3.9330463191454786E-002
20260821173343.077+0000:P11:INFO :  *!    2.9452431127404313        6.4070013802502407E-002                    1                27648   3.7803177365832365E-002   3.9330463191454786E-002
20260821173343.077+0000:P11:INFO :  *!    2.5525440310417067       -5.4398448961857672E-002                    2                27648   2.7146889336906857E-002   3.9330463191454786E-002
20260821173343.077+0000:P11:INFO :  *!    2.5525440310417067      -0.16376736789558680                         4                27648   1.6144349811340303E-002   3.9330463191454786E-002
20260821173343.077+0000:P11:INFO :  *!    2.9452431127404313      -0.19230024966714793                         1                27648   4.0103995383859829E-002   3.9330463191454786E-002
20260821173343.077+0000:P11:INFO :  *!    2.9452431127404313      -0.19230024966714793                         0                27648   4.0103995383859829E-002   4.2109195153052822E-002
20260821173343.077+0000:P11:INFO :  *!    2.5525440310417067      -0.27484942190994271                         3                27648   1.5897968236935227E-002   3.9330463191454786E-002
20260821173343.077+0000:P11:INFO :  *!    2.9452431127404313      -0.32079593966756947                         5                27648   1.6165154396702127E-002   3.9330463191454786E-002
20260821173343.077+0000:P11:INFO :  *!    2.9452431127404313      -0.44971693522195555                         0                27648   6.2831853071795862        3.9330463191454786E-002
20260821173343.077+0000:P11:INFO :  *!    2.9452431127404313      -0.44971693522195555                         5                27648   4.8455181607365429E-002   7.8660926382909571E-002
20260821173343.077+0000:P11:INFO :  *!    2.6834437249412817      -0.53921565969234608                         4                27648   1.4827951111189229E-002   3.9330463191454786E-002
20260821173343.077+0000:P11:INFO :  *!    2.4216443371421321       0.58253043722169640                         4                27648   2.2095700522255207E-002   3.9330463191454786E-002
20260821173343.077+0000:P11:INFO :  *!    2.4216443371421321       0.14840098551998118                         3                27648   1.7481383450735220E-002   3.9330463191454786E-002
20260821173343.078+0000:P11:INFO :  *!   -6.5449846949787283E-002   6.5173027613957268E-002                    3                27648   1.9786254840571640E-002   3.9330463191454786E-002
20260821173343.078+0000:P11:INFO :  *!    2.4216443371421321      -0.14840098551998107                         4                27648   1.7481383450735220E-002   3.9330463191454786E-002
20260821173343.078+0000:P11:INFO :  *!    2.4216443371421321      -0.24978353187218150                         1                27648   2.7845525975092482E-002   3.9330463191454786E-002
20260821173343.078+0000:P11:INFO :  *!   -6.5449846949787283E-002 -0.32595711196908245                         0                27648   6.2831853071795862        3.9330463191454786E-002
20260821173343.078+0000:P11:INFO :  *!   -6.5449846949787283E-002 -0.32595711196908245                         0                27648   6.2831853071795862        7.8660926382909571E-002
20260821173343.078+0000:P11:INFO :  *!   -6.5449846949787283E-002 -0.32595711196908245                         0                27648   6.2831853071795862       0.11799138957436436
20260821173343.078+0000:P11:INFO :  *!   -6.5449846949787283E-002 -0.32595711196908245                         0                27648   6.2831853071795862       0.15732185276581914
20260821173343.078+0000:P11:INFO :  *!   -6.5449846949787283E-002 -0.32595711196908245                         0                27648   6.2831853071795862       0.19665231595727392
20260821173343.078+0000:P11:INFO :  *!   -6.5449846949787283E-002 -0.32595711196908245                         0                27648   6.2831853071795862       0.23598277914872870
20260821173343.078+0000:P11:INFO :  *!   -6.5449846949787283E-002 -0.32595711196908245                        13                27648  0.26315693247369598       0.28317933497847447
20260821173343.078+0000:P11:INFO :  *!   -6.5449846949787283E-002 -0.58708428778920052                         0                27648   6.2831853071795862        3.9330463191454786E-002
20260821173343.078+0000:P11:INFO :  *!   -6.5449846949787283E-002 -0.58708428778920052                         0                27648   6.2831853071795862        7.8660926382909571E-002
20260821173343.078+0000:P11:INFO :  *!   -6.5449846949787283E-002 -0.58708428778920052                         0                27648   6.2831853071795862       0.11799138957436436
20260821173343.078+0000:P11:INFO :  *!   -6.5449846949787283E-002 -0.58708428778920052                         0                27648   6.2831853071795862       0.15732185276581914
20260821173343.078+0000:P11:INFO :  *!   -6.5449846949787283E-002 -0.58708428778920052                         0                27648   6.2831853071795862       0.19665231595727392
20260821173343.078+0000:P11:INFO :  *!   -6.5449846949787283E-002 -0.58708428778920052                         0                27648   6.2831853071795862       0.23598277914872870
20260821173343.078+0000:P11:INFO :  *!   -6.5449846949787283E-002 -0.58708428778920052                        20                27648  0.29278847140968123       0.28317933497847447
20260821173343.078+0000:P11:INFO :  *!   -6.5449846949787283E-002 -0.58708428778920052                         3                27648  0.29278847140968123       0.30742789498016532
20260821173343.078+0000:P11:INFO :  *!    2.6834437249412817      -0.66569530229871510                         1                27648   4.4773037387509956E-002   3.9330463191454786E-002
20260821173343.078+0000:P11:INFO :  *!    2.6834437249412817      -0.66569530229871510                         1                27648   4.4773037387509956E-002   4.7011689256885453E-002
20260821173343.078+0000:P11:INFO :  *!    2.9452431127404313      -0.70933907161675269                         2                27648   3.7251535184607346E-002   3.9330463191454786E-002
20260821173343.078+0000:P11:INFO :  *!   -6.5449846949787394E-002 -0.71783810359404177                         0                27648   6.2831853071795862        3.9330463191454786E-002
20260821173343.079+0000:P11:INFO :  *!   -6.5449846949787394E-002 -0.71783810359404177                         0                27648   6.2831853071795862        7.8660926382909571E-002
20260821173343.079+0000:P11:INFO :  *!   -6.5449846949787394E-002 -0.71783810359404177                         0                27648   6.2831853071795862       0.11799138957436436
20260821173343.079+0000:P11:INFO :  *!   -6.5449846949787394E-002 -0.71783810359404177                         0                27648   6.2831853071795862       0.15732185276581914
20260821173343.079+0000:P11:INFO :  *!   -6.5449846949787394E-002 -0.71783810359404177                         0                27648   6.2831853071795862       0.19665231595727392
20260821173343.079+0000:P11:INFO :  *!   -6.5449846949787394E-002 -0.71783810359404177                         0                27648   6.2831853071795862       0.23598277914872870
20260821173343.079+0000:P11:INFO :  *!   -6.5449846949787394E-002 -0.71783810359404177                        14                27648  0.31898956284619151       0.28317933497847447
20260821173343.079+0000:P11:INFO :  *!   -6.5449846949787394E-002 -0.71783810359404177                        26                27648  0.31898956284619151       0.33493904098850108
20260821173343.079+0000:P11:INFO : Number of adjusted points = 5
20260821173343.079+0000:P11:INFO :  *!    2.5525440310417067      -0.38877293697296222                         0                27648   6.2831853071795862        3.9330463191454786E-002
20260821173343.079+0000:P11:INFO :  *!    2.5525440310417067      -0.38877293697296222                        14                27648   4.6020871667235903E-002   7.8660926382909571E-002
20260821173343.079+0000:P11:INFO :  *!    2.4216443371421321       -4.9223612664117566E-002                    5                27648   2.3226742287868779E-002   3.9330463191454786E-002
20260821173343.079+0000:P11:INFO :  *!    2.4216443371421321      -0.35488586242666026                         1                27648   4.1525419916918993E-002   3.9330463191454786E-002
20260821173343.079+0000:P11:INFO :  *!    2.4216443371421321      -0.35488586242666026                         0                27648   4.1525419916918993E-002   4.3601690912764945E-002
20260821173343.079+0000:P11:INFO :  *!    2.4216443371421321      -0.58253043722169640                         4                27648   1.4370511229176002E-002   3.9330463191454786E-002
20260821173343.079+0000:P11:INFO :  *!    2.5525440310417067      -0.62943859141459257                         2                27648   3.8262218661935715E-002   3.9330463191454786E-002
20260821173343.079+0000:P11:S1:INFO :  Regrid fields for forecast time:    451416.00000000000      ... where current xios date is: 2009-03-01 01:00:00
20260821173343.079+0000:P11:S1:INFO : Will process 38 fields
20260821173343.079+0000:P11:S1:INFO : Processing/regrid STASH code: 2
20260821173343.079+0000:P11:S1:INFO : LFRic field name: ew_wind
20260821173343.092+0000:P11:S1:INFO : Fill LFRic field object with regridded data
20260821173343.092+0000:P11:S1:INFO : Processing/regrid STASH code: 3
20260821173343.092+0000:P11:S1:INFO : LFRic field name: ns_wind
20260821173343.104+0000:P11:S1:INFO : Fill LFRic field object with regridded data
20260821173343.104+0000:P11:S1:INFO : Processing/regrid STASH code: 150
20260821173343.104+0000:P11:S1:INFO : LFRic field name: upward_wind
20260821173343.121+0000:P11:S1:INFO : Fill LFRic field object with regridded data
20260821173343.121+0000:P11:S1:INFO : Processing/regrid STASH code: 4
20260821173343.121+0000:P11:S1:INFO : LFRic field name: theta
20260821173343.139+0000:P11:S1:INFO : Fill LFRic field object with regridded data
20260821173343.139+0000:P11:S1:INFO : Processing/regrid STASH code: 389
20260821173343.139+0000:P11:S1:INFO : LFRic field name: rho
20260821173343.238+0000:P11:S1:INFO : Fill LFRic field object with regridded data
20260821173343.238+0000:P11:S1:INFO : Processing/regrid STASH code: 391
20260821173343.238+0000:P11:S1:INFO : LFRic field name: m_v
20260821173343.250+0000:P11:S1:INFO : Fill LFRic field object with regridded data
20260821173343.250+0000:P11:S1:INFO : Processing/regrid STASH code: 392
20260821173343.250+0000:P11:S1:INFO : LFRic field name: m_cl
20260821173343.262+0000:P11:S1:INFO : Fill LFRic field object with regridded data
20260821173343.262+0000:P11:S1:INFO : Processing/regrid STASH code: 393
20260821173343.262+0000:P11:S1:INFO : LFRic field name: m_cf
20260821173343.269+0000:P11:S1:INFO : Fill LFRic field object with regridded data
20260821173343.269+0000:P11:S1:INFO : Processing/regrid STASH code: 394
20260821173343.269+0000:P11:S1:INFO : LFRic field name: m_r
20260821173343.277+0000:P11:S1:INFO : Fill LFRic field object with regridded data
20260821173343.277+0000:P11:S1:INFO : Processing/regrid STASH code: 265
20260821173343.277+0000:P11:S1:INFO : LFRic field name: area_fraction
20260821173343.289+0000:P11:S1:INFO : Adding bottom level for stashcode: 265
20260821173343.289+0000:P11:S1:INFO : Fill LFRic field object with regridded data
20260821173343.289+0000:P11:S1:INFO : Processing/regrid STASH code: 266
20260821173343.289+0000:P11:S1:INFO : LFRic field name: bulk_fraction
20260821173343.299+0000:P11:S1:INFO : Fill LFRic field object with regridded data
20260821173343.299+0000:P11:S1:INFO : Processing/regrid STASH code: 267
20260821173343.299+0000:P11:S1:INFO : LFRic field name: liquid_fraction
20260821173343.309+0000:P11:S1:INFO : Fill LFRic field object with regridded data
20260821173343.309+0000:P11:S1:INFO : Processing/regrid STASH code: 268
20260821173343.309+0000:P11:S1:INFO : LFRic field name: frozen_fraction
20260821173343.317+0000:P11:S1:INFO : Fill LFRic field object with regridded data
20260821173343.317+0000:P11:S1:INFO : Processing/regrid STASH code: 25
20260821173343.317+0000:P11:S1:INFO : LFRic field name: zh
20260821173343.318+0000:P11:S1:INFO : Fill LFRic field object with regridded data
20260821173343.318+0000:P11:S1:INFO : Processing/regrid STASH code: 26
20260821173343.318+0000:P11:S1:INFO : LFRic field name: z0msea
20260821173343.318+0000:P11:S1:INFO : Fill LFRic field object with regridded data
20260821173343.318+0000:P11:S1:INFO : Processing/regrid STASH code: 493
20260821173343.318+0000:P11:S1:INFO : LFRic field name: dd_mf_cb
20260821173343.319+0000:P11:S1:INFO : Fill LFRic field object with regridded data
20260821173343.319+0000:P11:S1:INFO : Processing/regrid STASH code: 240
20260821173343.319+0000:P11:S1:INFO : LFRic field name: tile_snow_mass
20260821173343.321+0000:P11:S1:INFO : Will use nearest neigbour interpolation for stashcode:  240
20260821173343.321+0000:P11:S1:INFO : Fill LFRic field object with regridded data
20260821173343.321+0000:P11:S1:INFO : Processing/regrid STASH code: 380
20260821173343.321+0000:P11:S1:INFO : LFRic field name: tile_n_snow_layers
20260821173343.322+0000:P11:S1:INFO : Will use nearest neigbour interpolation for stashcode:  380
20260821173343.322+0000:P11:S1:INFO : Fill LFRic field object with regridded data
20260821173343.322+0000:P11:S1:INFO : Processing/regrid STASH code: 376
20260821173343.322+0000:P11:S1:INFO : LFRic field name: tile_snow_depth
20260821173343.323+0000:P11:S1:INFO : Will use nearest neigbour interpolation for stashcode:  376
20260821173343.323+0000:P11:S1:INFO : Fill LFRic field object with regridded data
20260821173343.323+0000:P11:S1:INFO : Processing/regrid STASH code: 231
20260821173343.323+0000:P11:S1:INFO : LFRic field name: tile_snow_rgrain
20260821173343.325+0000:P11:S1:INFO : Will use nearest neigbour interpolation for stashcode:  231
20260821173343.325+0000:P11:S1:INFO : Fill LFRic field object with regridded data
20260821173343.325+0000:P11:S1:INFO : Processing/regrid STASH code: 221
20260821173343.325+0000:P11:S1:INFO : LFRic field name: snow_soot
20260821173343.325+0000:P11:S1:INFO : Will use nearest neigbour interpolation for stashcode:  221
20260821173343.325+0000:P11:S1:INFO : Fill LFRic field object with regridded data
20260821173343.325+0000:P11:S1:INFO : Processing/regrid STASH code: 242
20260821173343.325+0000:P11:S1:INFO : LFRic field name: tile_snow_under_canopy
20260821173343.327+0000:P11:S1:INFO : Will use nearest neigbour interpolation for stashcode:  242
20260821173343.327+0000:P11:S1:INFO : Fill LFRic field object with regridded data
20260821173343.327+0000:P11:S1:INFO : Processing/regrid STASH code: 377
20260821173343.327+0000:P11:S1:INFO : LFRic field name: tile_snowpack_density
20260821173343.328+0000:P11:S1:INFO : Will use nearest neigbour interpolation for stashcode:  377
20260821173343.328+0000:P11:S1:INFO : Fill LFRic field object with regridded data
20260821173343.328+0000:P11:S1:INFO : Processing/regrid STASH code: 383
20260821173343.328+0000:P11:S1:INFO : LFRic field name: tile_snow_layer_liq_mass
20260821173343.331+0000:P11:S1:INFO : Will use nearest neigbour interpolation for stashcode:  383
20260821173343.331+0000:P11:S1:INFO : Reordering snow layers for stashcode: 383
20260821173343.331+0000:P11:S1:INFO : Fill LFRic field object with regridded data
20260821173343.331+0000:P11:S1:INFO : Processing/regrid STASH code: 382
20260821173343.331+0000:P11:S1:INFO : LFRic field name: tile_snow_layer_ice_mass
20260821173343.335+0000:P11:S1:INFO : Will use nearest neigbour interpolation for stashcode:  382
20260821173343.335+0000:P11:S1:INFO : Reordering snow layers for stashcode: 382
20260821173343.335+0000:P11:S1:INFO : Fill LFRic field object with regridded data
20260821173343.335+0000:P11:S1:INFO : Processing/regrid STASH code: 386
20260821173343.335+0000:P11:S1:INFO : LFRic field name: tile_snow_layer_rgrain
20260821173343.338+0000:P11:S1:INFO : Will use nearest neigbour interpolation for stashcode:  386
20260821173343.338+0000:P11:S1:INFO : Reordering snow layers for stashcode: 386
20260821173343.338+0000:P11:S1:INFO : Fill LFRic field object with regridded data
20260821173343.338+0000:P11:S1:INFO : Processing/regrid STASH code: 381
20260821173343.338+0000:P11:S1:INFO : LFRic field name: tile_snow_layer_thickness
20260821173343.340+0000:P11:S1:INFO : Will use nearest neigbour interpolation for stashcode:  381
20260821173343.340+0000:P11:S1:INFO : Reordering snow layers for stashcode: 381
20260821173343.340+0000:P11:S1:INFO : Fill LFRic field object with regridded data
20260821173343.340+0000:P11:S1:INFO : Processing/regrid STASH code: 384
20260821173343.340+0000:P11:S1:INFO : LFRic field name: tile_snow_layer_temp
20260821173343.345+0000:P11:S1:INFO : Will use nearest neigbour interpolation for stashcode:  384
20260821173343.345+0000:P11:S1:INFO : Reordering snow layers for stashcode: 384
20260821173343.345+0000:P11:S1:INFO : Fill LFRic field object with regridded data
20260821173343.345+0000:P11:S1:INFO : Processing/regrid STASH code: 9
20260821173343.345+0000:P11:S1:INFO : LFRic field name: soil_moisture
20260821173343.346+0000:P11:S1:INFO : Fill LFRic field object with regridded data
20260821173343.346+0000:P11:S1:INFO : Processing/regrid STASH code: 20
20260821173343.346+0000:P11:S1:INFO : LFRic field name: soil_temperature
20260821173343.347+0000:P11:S1:INFO : Fill LFRic field object with regridded data
20260821173343.347+0000:P11:S1:INFO : Processing/regrid STASH code: 279
20260821173343.347+0000:P11:S1:INFO : LFRic field name: soil_sat_frac
20260821173343.348+0000:P11:S1:INFO : Fill LFRic field object with regridded data
20260821173343.348+0000:P11:S1:INFO : Processing/regrid STASH code: 278
20260821173343.348+0000:P11:S1:INFO : LFRic field name: water_table
20260821173343.349+0000:P11:S1:INFO : Fill LFRic field object with regridded data
20260821173343.349+0000:P11:S1:INFO : Processing/regrid STASH code: 281
20260821173343.349+0000:P11:S1:INFO : LFRic field name: wetness_under_soil
20260821173343.349+0000:P11:S1:INFO : Fill LFRic field object with regridded data
20260821173343.349+0000:P11:S1:INFO : Processing/regrid STASH code: 213
20260821173343.349+0000:P11:S1:INFO : LFRic field name: surface_conductance
20260821173343.350+0000:P11:S1:INFO : Fill LFRic field object with regridded data
20260821173343.350+0000:P11:S1:INFO : Processing/regrid STASH code: 229
20260821173343.350+0000:P11:S1:INFO : LFRic field name: tile_canopy_water
20260821173343.351+0000:P11:S1:INFO : Fill LFRic field object with regridded data
20260821173343.351+0000:P11:S1:INFO : Processing/regrid STASH code: 233
20260821173343.351+0000:P11:S1:INFO : LFRic field name: tile_temperature
20260821173343.353+0000:P11:S1:INFO : Fill LFRic field object with regridded data
20260821173343.353+0000:P11:S1:INFO : Processing/regrid STASH code: 508
20260821173343.353+0000:P11:S1:INFO : LFRic field name: tstar_sea_ice
20260821173343.353+0000:P11:S1:INFO : Fill LFRic field object with regridded data
